Microchip MPLAB XC8 Compiler V2.31

Linker command line:

-W-3 --edf=C:\Program Files\Microchip\xc8\v2.31\pic\dat\en_msgs.txt -cn \
  -h+dist/default/production\Master.X.production.sym \
  --cmf=dist/default/production\Master.X.production.cmf -z -Q16F887 \
  -oC:\Users\Universidad\AppData\Local\Temp\sjts.2 --defsym=__MPLAB_BUILD=1 \
  -Mdist/default/production/Master.X.production.map -E1 -ver=XC8 Compiler \
  --acfsm=1493 -ASTACK=0110h-016Fh -pstack=STACK -ACODE=00h-07FFhx4 \
  -ASTRCODE=00h-01FFFh -ASTRING=00h-0FFhx32 -ACONST=00h-0FFhx32 \
  -AENTRY=00h-0FFhx32 -ACOMMON=070h-07Fh -ABANK0=020h-06Fh \
  -ABANK1=0A0h-0EFh -ABANK2=0110h-016Fh -ABANK3=0190h-01EFh \
  -ARAM=020h-06Fh,0A0h-0EFh,0110h-016Fh,0190h-01EFh \
  -AABS1=020h-07Fh,0A0h-0EFh,0110h-016Fh,0190h-01EFh -ASFR0=00h-01Fh \
  -ASFR1=080h-09Fh -ASFR2=0100h-010Fh -ASFR3=0180h-018Fh \
  -ACONFIG=02007h-02008h -DCONFIG=2 -AIDLOC=02000h-02003h -DIDLOC=2 \
  -AEEDATA=00h-0FFh/02100h -peeprom_data=EEDATA -DEEDATA=2 -DCODE=2 \
  -DSTRCODE=2 -DSTRING=2 -DCONST=2 -DENTRY=2 \
  -preset_vec=00h,intentry,init,end_init -ppowerup=CODE -pcinit=CODE \
  -pfunctab=ENTRY -k C:\Users\Universidad\AppData\Local\Temp\sjts.o \
  dist/default/production\Master.X.production.o 

Object code version is 3.11

Machine type is 16F887



                Name                               Link     Load   Length Selector   Space Scale
C:\Users\Universidad\AppData\Local\Temp\sjts.o
                end_init                              0        0        3        0       0
                config                             2007     2007        2        0       4
dist/default/production\Master.X.production.o
                cinit                               7EC      7EC       14      FD8       0
                config                             2007     2007        2        0       4
                text20                              CC6      CC6        6     198C       0
                text19                              D1B      D1B       1A     1A36       0
                text18                              CE2      CE2        D     19C4       0
                text17                              E2A      E2A       5C     1C54       0
                text16                              DBF      DBF       27     1B7E       0
                text15                              48B      48B      361      916       0
                text14                                8        8       7C       10       0
                text13                              E86      E86       BA     1D0C       0
                text12                              D51      D51       24     1AA2       0
                text11                              CEF      CEF       16     19DE       0
                text10                              D75      D75       25     1AEA       0
                text9                               DE6      DE6       44     1BCC       0
                text8                               D9A      D9A       25     1B34       0
                text7                                84       84       D0      108       0
                text6                               F40      F40       C0     1E80       0
                text5                               D05      D05       16     1A0A       0
                text4                               D35      D35       1C     1A6A       0
                text3                               CD2      CD2        7     19A4       0
                text2                               CD9      CD9        9     19B2       0
                text1                               CCC      CCC        6     1998       0
                maintext                            154      154      337      2A8       0
                cstackBANK0                          20       20       29       20       1
                cstackCOMMON                         70       70        E       70       1
                bssBANK0                             49       49        E       20       1
                strings                             800      800       18     1000       0

TOTAL           Name                               Link     Load   Length     Space
        CLASS   STACK          

        CLASS   CODE           
                end_init                              0        0        3         0
                cinit                               7EC      7EC       14         0
                text20                              CC6      CC6        6         0
                text19                              D1B      D1B       1A         0
                text18                              CE2      CE2        D         0
                text17                              E2A      E2A       5C         0
                text16                              DBF      DBF       27         0
                text15                              48B      48B      361         0
                text14                                8        8       7C         0
                text13                              E86      E86       BA         0
                text12                              D51      D51       24         0
                text11                              CEF      CEF       16         0
                text10                              D75      D75       25         0
                text9                               DE6      DE6       44         0
                text8                               D9A      D9A       25         0
                text7                                84       84       D0         0
                text6                               F40      F40       C0         0
                text5                               D05      D05       16         0
                text4                               D35      D35       1C         0
                text3                               CD2      CD2        7         0
                text2                               CD9      CD9        9         0
                text1                               CCC      CCC        6         0
                maintext                            154      154      337         0

        CLASS   STRCODE        

        CLASS   STRING         
                strings                             800      800       18         0

        CLASS   CONST          

        CLASS   ENTRY          

        CLASS   COMMON         
                cstackCOMMON                         70       70        E         1

        CLASS   BANK0          
                cstackBANK0                          20       20       29         1
                bssBANK0                             49       49        E         1

        CLASS   BANK1          

        CLASS   BANK2          

        CLASS   BANK3          

        CLASS   RAM            

        CLASS   ABS1           
                abs_s1                               7E       7E        2         1

        CLASS   SFR0           

        CLASS   SFR1           

        CLASS   SFR2           

        CLASS   SFR3           

        CLASS   CONFIG         
                config                             2007     2007        2         4

        CLASS   IDLOC          

        CLASS   EEDATA         



SEGMENTS        Name                           Load    Length   Top    Selector   Space  Class     Delta

                reset_vec                      000000  000003  000003         0       0  CODE        2
                text14                         000008  00007C  000084        10       0  CODE        2
                cstackBANK0                    000020  000037  000057        20       1  BANK0       1
                cstackCOMMON                   000070  00000E  00007E        70       1  COMMON      1
                text7                          000084  0000D0  000154       108       0  CODE        2
                maintext                       000154  000337  00048B       2A8       0  CODE        2
                text15                         00048B  000361  0007EC       916       0  CODE        2
                cinit                          0007EC  000014  000800       FD8       0  CODE        2
                strings                        000800  000018  000818      1000       0  STRING      2
                text20                         000CC6  000006  000CCC      198C       0  CODE        2
                text1                          000CCC  000006  000CD2      1998       0  CODE        2
                text3                          000CD2  000007  000CD9      19A4       0  CODE        2
                text2                          000CD9  000009  000CE2      19B2       0  CODE        2
                text18                         000CE2  00000D  000CEF      19C4       0  CODE        2
                text11                         000CEF  000016  000D05      19DE       0  CODE        2
                text5                          000D05  000016  000D1B      1A0A       0  CODE        2
                text19                         000D1B  00001A  000D35      1A36       0  CODE        2
                text4                          000D35  00001C  000D51      1A6A       0  CODE        2
                text12                         000D51  000024  000D75      1AA2       0  CODE        2
                text10                         000D75  000025  000D9A      1AEA       0  CODE        2
                text8                          000D9A  000025  000DBF      1B34       0  CODE        2
                text16                         000DBF  000027  000DE6      1B7E       0  CODE        2
                text9                          000DE6  000044  000E2A      1BCC       0  CODE        2
                text17                         000E2A  00005C  000E86      1C54       0  CODE        2
                text13                         000E86  0000BA  000F40      1D0C       0  CODE        2
                text6                          000F40  0000C0  001000      1E80       0  CODE        2


UNUSED ADDRESS RANGES

        Name                Unused          Largest block    Delta
        BANK0            0057-006F             19           1
        BANK1            00A0-00EF             50           1
        BANK2            0110-016F             60           1
        BANK3            0190-01EF             60           1
        CODE             0003-0007              5           2
                         0818-0CC5            4AE
                         1000-1FFF            800
        CONST            0003-0007              5           2
                         0818-0CC5            100
                         1000-1FFF            100
        EEDATA           2100-21FF            100           2
        ENTRY            0003-0007              5           2
                         0818-0CC5            100
                         1000-1FFF            100
        IDLOC            2000-2003              4           2
        RAM              0057-006F             19           1
                         00A0-00EF             50
                         0110-016F             60
                         0190-01EF             60
        SFR0             0000-001F             20           1
        SFR1             0080-009F             20           1
        SFR2             0100-010F             10           1
        SFR3             0180-018F             10           1
        STACK            0110-016F             60           1
        STRCODE          0003-0007              5           2
                         0818-0CC5            4AE
                         1000-1FFF           1000
        STRING           0003-0007              5           2
                         0818-0CC5            100
                         1000-1FFF            100

                                  Symbol Table

?__Umul8_16                cstackCOMMON 0070
?___flmul                  cstackBANK0  0020
?___fltol                  cstackBANK0  003A
?___lwdiv                  cstackCOMMON 0070
?___wmul                   cstackCOMMON 0070
?___xxtofl                 cstackCOMMON 0070
Lcd_Cmd@a                  cstackCOMMON 0073
Lcd_Port@a                 cstackCOMMON 0070
Lcd_Set_Cursor@a           cstackCOMMON 0076
Lcd_Set_Cursor@b           cstackCOMMON 0074
Lcd_Set_Cursor@temp        cstackCOMMON 0077
Lcd_Write_Char@a           cstackCOMMON 0072
Lcd_Write_String@a         cstackCOMMON 0075
Lcd_Write_String@i         cstackCOMMON 0073
_ANSEL                     (abs)        0188
_ANSELH                    (abs)        0189
_Lcd_Clear                 text18       0CE2
_Lcd_Cmd                   text19       0D1B
_Lcd_Init                  text17       0E2A
_Lcd_Port                  text20       0CC6
_Lcd_Set_Cursor            text12       0D51
_Lcd_Write_Char            text11       0CEF
_Lcd_Write_String          text10       0D75
_PORTB                     (abs)        0006
_PORTBbits                 (abs)        0006
_PORTD                     (abs)        0008
_RE0                       (abs)        0048
_RE1                       (abs)        0049
_SSPBUF                    (abs)        0013
_SSPCON                    (abs)        0014
_SSPSTAT                   (abs)        0094
_SSPSTATbits               (abs)        0094
_TRISB                     (abs)        0086
_TRISC                     (abs)        0087
_TRISC3                    (abs)        043B
_TRISC4                    (abs)        043C
_TRISC5                    (abs)        043D
_TRISD                     (abs)        0088
_TRISE                     (abs)        0089
__Habs1                    abs1         0000
__Hbank0                   bank0        0000
__Hbank1                   bank1        0000
__Hbank2                   bank2        0000
__Hbank3                   bank3        0000
__HbssBANK0                bssBANK0     0000
__Hcinit                   cinit        0800
__Hclrtext                 clrtext      0000
__Hcode                    code         0000
__Hcommon                  common       0000
__Hconfig                  config       2009
__HcstackBANK0             cstackBANK0  0000
__HcstackCOMMON            cstackCOMMON 0000
__Heeprom_data             eeprom_data  0000
__Hend_init                end_init     0003
__Hfunctab                 functab      0000
__Hinit                    init         0000
__Hintentry                intentry     0000
__Hmaintext                maintext     0000
__Hpowerup                 powerup      0000
__Hram                     ram          0000
__Hreset_vec               reset_vec    0000
__Hsfr0                    sfr0         0000
__Hsfr1                    sfr1         0000
__Hsfr2                    sfr2         0000
__Hsfr3                    sfr3         0000
__Hspace_0                 (abs)        1000
__Hspace_1                 (abs)        007E
__Hspace_2                 (abs)        0000
__Hspace_3                 (abs)        0000
__Hspace_4                 (abs)        4010
__Hstack                   stack        0000
__Hstrings                 strings      0000
__Htext                    text         0000
__Labs1                    abs1         0000
__Lbank0                   bank0        0000
__Lbank1                   bank1        0000
__Lbank2                   bank2        0000
__Lbank3                   bank3        0000
__LbssBANK0                bssBANK0     0000
__Lcinit                   cinit        07EC
__Lclrtext                 clrtext      0000
__Lcode                    code         0000
__Lcommon                  common       0000
__Lconfig                  config       0000
__LcstackBANK0             cstackBANK0  0000
__LcstackCOMMON            cstackCOMMON 0000
__Leeprom_data             eeprom_data  0000
__Lend_init                end_init     0000
__Lfunctab                 functab      0000
__Linit                    init         0000
__Lintentry                intentry     0000
__Lmaintext                maintext     0000
__Lpowerup                 powerup      0000
__Lram                     ram          0000
__Lreset_vec               reset_vec    0000
__Lsfr0                    sfr0         0000
__Lsfr1                    sfr1         0000
__Lsfr2                    sfr2         0000
__Lsfr3                    sfr3         0000
__Lspace_0                 (abs)        0000
__Lspace_1                 (abs)        0000
__Lspace_2                 (abs)        0000
__Lspace_3                 (abs)        0000
__Lspace_4                 (abs)        0000
__Lstack                   stack        0000
__Lstrings                 strings      0000
__Ltext                    text         0000
__S0                       (abs)        1000
__S1                       (abs)        007E
__S2                       (abs)        0000
__S3                       (abs)        0000
__Umul8_16                 text16       0DBF
__Umul8_16@multiplicand    cstackCOMMON 0070
__Umul8_16@multiplier      cstackCOMMON 0078
__Umul8_16@product         cstackCOMMON 0074
__Umul8_16@word_mpld       cstackCOMMON 0076
___flmul                   text15       048B
___flmul@a                 cstackBANK0  0024
___flmul@aexp              cstackBANK0  0032
___flmul@b                 cstackBANK0  0020
___flmul@bexp              cstackBANK0  0033
___flmul@grs               cstackBANK0  002E
___flmul@prod              cstackBANK0  0034
___flmul@sign              cstackBANK0  002D
___flmul@temp              cstackBANK0  0038
___fltol                   text14       0008
___fltol@exp1              cstackBANK0  0044
___fltol@f1                cstackBANK0  003A
___fltol@sign1             cstackBANK0  0043
___int_sp                  stack        0000
___latbits                 (abs)        0002
___lwdiv                   text9        0DE6
___lwdiv@counter           cstackCOMMON 0077
___lwdiv@dividend          cstackCOMMON 0072
___lwdiv@divisor           cstackCOMMON 0070
___lwdiv@quotient          cstackCOMMON 0075
___sp                      stack        0000
___stackhi                 (abs)        0000
___stacklo                 (abs)        0000
___wmul                    text8        0D9A
___wmul@multiplicand       cstackCOMMON 0072
___wmul@multiplier         cstackCOMMON 0070
___wmul@product            cstackCOMMON 0074
___xxtofl                  text13       0E86
___xxtofl@arg              cstackCOMMON 007A
___xxtofl@exp              cstackCOMMON 0079
___xxtofl@sign             cstackCOMMON 0078
___xxtofl@val              cstackCOMMON 0070
__end_of_Lcd_Clear         text18       0CEF
__end_of_Lcd_Cmd           text19       0D35
__end_of_Lcd_Init          text17       0E86
__end_of_Lcd_Port          text20       0CCC
__end_of_Lcd_Set_Cursor    text12       0D75
__end_of_Lcd_Write_Char    text11       0D05
__end_of_Lcd_Write_String  text10       0D9A
__end_of__Umul8_16         text16       0DE6
__end_of___flmul           text15       07EC
__end_of___fltol           text14       0084
__end_of___lwdiv           text9        0E2A
__end_of___wmul            text8        0DBF
__end_of___xxtofl          text13       0F40
__end_of__initialization   cinit        07FC
__end_of__stringtab        strings      0806
__end_of_impr_Pot          text7        0154
__end_of_impr_cont         text6        1000
__end_of_main              maintext     048B
__end_of_setup             text4        0D51
__end_of_spiInit           text5        0D1B
__end_of_spiRead           text2        0CE2
__end_of_spiReceiveWait    text3        0CD9
__end_of_spiWrite          text1        0CD2
__initialization           cinit        07EC
__pbssBANK0                bssBANK0     0049
__pcstackBANK0             cstackBANK0  0020
__pcstackCOMMON            cstackCOMMON 0070
__pmaintext                maintext     0154
__pstrings                 strings      0800
__ptext1                   text1        0CCC
__ptext10                  text10       0D75
__ptext11                  text11       0CEF
__ptext12                  text12       0D51
__ptext13                  text13       0E86
__ptext14                  text14       0008
__ptext15                  text15       048B
__ptext16                  text16       0DBF
__ptext17                  text17       0E2A
__ptext18                  text18       0CE2
__ptext19                  text19       0D1B
__ptext2                   text2        0CD9
__ptext20                  text20       0CC6
__ptext3                   text3        0CD2
__ptext4                   text4        0D35
__ptext5                   text5        0D05
__ptext6                   text6        0F40
__ptext7                   text7        0084
__ptext8                   text8        0D9A
__ptext9                   text9        0DE6
__size_of_Lcd_Clear        (abs)        0000
__size_of_Lcd_Cmd          (abs)        0000
__size_of_Lcd_Init         (abs)        0000
__size_of_Lcd_Port         (abs)        0000
__size_of_Lcd_Set_Cursor   (abs)        0000
__size_of_Lcd_Write_Char   (abs)        0000
__size_of_Lcd_Write_String (abs)        0000
__size_of__Umul8_16        (abs)        0000
__size_of___flmul          (abs)        0000
__size_of___fltol          (abs)        0000
__size_of___lwdiv          (abs)        0000
__size_of___wmul           (abs)        0000
__size_of___xxtofl         (abs)        0000
__size_of_impr_Pot         (abs)        0000
__size_of_impr_cont        (abs)        0000
__size_of_main             (abs)        0000
__size_of_setup            (abs)        0000
__size_of_spiInit          (abs)        0000
__size_of_spiRead          (abs)        0000
__size_of_spiReceiveWait   (abs)        0000
__size_of_spiWrite         (abs)        0000
__stringbase               strings      0805
__stringtab                strings      0800
_cenTV                     bssBANK0     004E
_contador                  bssBANK0     0054
_decTV                     bssBANK0     004F
_impr_Pot                  text7        0084
_impr_cont                 text6        0F40
_main                      maintext     0154
_pot                       bssBANK0     0056
_setup                     text4        0D35
_spiInit                   text5        0D05
_spiRead                   text2        0CD9
_spiReceiveWait            text3        0CD2
_spiWrite                  text1        0CCC
_temp                      bssBANK0     0049
_termometro                bssBANK0     0055
_uniTV                     bssBANK0     0050
btemp                      (abs)        007E
end_of_initialization      cinit        07FC
impr_Pot@cen               cstackCOMMON 0079
impr_Pot@dec               cstackCOMMON 0078
impr_Pot@fact              cstackCOMMON 007B
impr_Pot@uni               cstackCOMMON 007D
impr_Pot@val               cstackCOMMON 007A
impr_cont@cen              cstackCOMMON 0079
impr_cont@dec              cstackCOMMON 0078
impr_cont@fact             cstackCOMMON 007B
impr_cont@uni              cstackCOMMON 007D
impr_cont@val              cstackCOMMON 007A
intlevel0                  functab      0000
intlevel1                  functab      0000
intlevel2                  functab      0000
intlevel3                  functab      0000
intlevel4                  functab      0000
intlevel5                  functab      0000
reset_vec                  reset_vec    0000
spiInit@sClockIdle         cstackCOMMON 0071
spiInit@sDataSample        cstackCOMMON 0070
spiInit@sTransmitEdge      cstackCOMMON 0072
spiInit@sType              cstackCOMMON 0073
spiWrite@dat               cstackCOMMON 0070
start                      init         0000
start_initialization       cinit        07EC
wtemp0                     (abs)        007E


FUNCTION INFORMATION:

 *************** function _main *****************
 Defined at:
		line 68 in file "main.c"
 Parameters:    Size  Location     Type
		None
 Auto vars:     Size  Location     Type
		None
 Return value:  Size  Location     Type
                  1    wreg      void 
 Registers used:
		wreg, fsr0l, fsr0h, status,2, status,0, btemp+1, pclath, cstack
 Tracked objects:
		On entry : 
		On exit  : 
		Unchanged: 
 Data sizes:     COMMON   BANK0   BANK1   BANK3   BANK2
      Params:         0       0       0       0       0
      Locals:         0       0       0       0       0
      Temps:          0       4       0       0       0
      Totals:         0       4       0       0       0
Total ram usage:        4 bytes
 Hardware stack levels required when called:    4
 This function calls:
		_Lcd_Clear
		_Lcd_Init
		_Lcd_Set_Cursor
		_Lcd_Write_Char
		_Lcd_Write_String
		___flmul
		___fltol
		___lwdiv
		___wmul
		___xxtofl
		_impr_Pot
		_impr_cont
		_setup
		_spiRead
		_spiWrite
 This function is called by:
		Startup code after reset
 This function uses a non-reentrant model


 *************** function _spiWrite *****************
 Defined at:
		line 34 in file "SPI.c"
 Parameters:    Size  Location     Type
  dat             1    wreg     unsigned char 
 Auto vars:     Size  Location     Type
  dat             1    0[COMMON] unsigned char 
 Return value:  Size  Location     Type
                  1    wreg      void 
 Registers used:
		wreg
 Tracked objects:
		On entry : 
		On exit  : 
		Unchanged: 
 Data sizes:     COMMON   BANK0   BANK1   BANK3   BANK2
      Params:         0       0       0       0       0
      Locals:         1       0       0       0       0
      Temps:          0       0       0       0       0
      Totals:         1       0       0       0       0
Total ram usage:        1 bytes
 Hardware stack levels used:    1
 This function calls:
		Nothing
 This function is called by:
		_main
 This function uses a non-reentrant model


 *************** function _spiRead *****************
 Defined at:
		line 47 in file "SPI.c"
 Parameters:    Size  Location     Type
		None
 Auto vars:     Size  Location     Type
		None
 Return value:  Size  Location     Type
                  1    wreg      unsigned char 
 Registers used:
		wreg, status,2, status,0, pclath, cstack
 Tracked objects:
		On entry : 
		On exit  : 
		Unchanged: 
 Data sizes:     COMMON   BANK0   BANK1   BANK3   BANK2
      Params:         0       0       0       0       0
      Locals:         0       0       0       0       0
      Temps:          0       0       0       0       0
      Totals:         0       0       0       0       0
Total ram usage:        0 bytes
 Hardware stack levels used:    1
 Hardware stack levels required when called:    1
 This function calls:
		_spiReceiveWait
 This function is called by:
		_main
 This function uses a non-reentrant model


 *************** function _spiReceiveWait *****************
 Defined at:
		line 29 in file "SPI.c"
 Parameters:    Size  Location     Type
		None
 Auto vars:     Size  Location     Type
		None
 Return value:  Size  Location     Type
                  1    wreg      void 
 Registers used:
		None
 Tracked objects:
		On entry : 
		On exit  : 
		Unchanged: 
 Data sizes:     COMMON   BANK0   BANK1   BANK3   BANK2
      Params:         0       0       0       0       0
      Locals:         0       0       0       0       0
      Temps:          0       0       0       0       0
      Totals:         0       0       0       0       0
Total ram usage:        0 bytes
 Hardware stack levels used:    1
 This function calls:
		Nothing
 This function is called by:
		_spiRead
 This function uses a non-reentrant model


 *************** function _setup *****************
 Defined at:
		line 172 in file "main.c"
 Parameters:    Size  Location     Type
		None
 Auto vars:     Size  Location     Type
		None
 Return value:  Size  Location     Type
                  1    wreg      void 
 Registers used:
		wreg, status,2, status,0, pclath, cstack
 Tracked objects:
		On entry : 
		On exit  : 
		Unchanged: 
 Data sizes:     COMMON   BANK0   BANK1   BANK3   BANK2
      Params:         0       0       0       0       0
      Locals:         0       0       0       0       0
      Temps:          0       0       0       0       0
      Totals:         0       0       0       0       0
Total ram usage:        0 bytes
 Hardware stack levels used:    1
 Hardware stack levels required when called:    1
 This function calls:
		_spiInit
 This function is called by:
		_main
 This function uses a non-reentrant model


 *************** function _spiInit *****************
 Defined at:
		line 12 in file "SPI.c"
 Parameters:    Size  Location     Type
  sType           1    wreg     enum E1264
  sDataSample     1    0[COMMON] enum E1272
  sClockIdle      1    1[COMMON] enum E1276
  sTransmitEdg    1    2[COMMON] enum E1280
 Auto vars:     Size  Location     Type
  sType           1    3[COMMON] enum E1264
 Return value:  Size  Location     Type
                  1    wreg      void 
 Registers used:
		wreg, status,2, status,0
 Tracked objects:
		On entry : 
		On exit  : 
		Unchanged: 
 Data sizes:     COMMON   BANK0   BANK1   BANK3   BANK2
      Params:         3       0       0       0       0
      Locals:         1       0       0       0       0
      Temps:          0       0       0       0       0
      Totals:         4       0       0       0       0
Total ram usage:        4 bytes
 Hardware stack levels used:    1
 This function calls:
		Nothing
 This function is called by:
		_setup
 This function uses a non-reentrant model


 *************** function _impr_cont *****************
 Defined at:
		line 188 in file "main.c"
 Parameters:    Size  Location     Type
  uni             1    wreg     unsigned char 
  dec             1    8[COMMON] unsigned char 
  cen             1    9[COMMON] unsigned char 
  val             1   10[COMMON] unsigned char 
  fact            2   11[COMMON] int 
 Auto vars:     Size  Location     Type
  uni             1   13[COMMON] unsigned char 
 Return value:  Size  Location     Type
                  1    wreg      void 
 Registers used:
		wreg, status,2, status,0, pclath, cstack
 Tracked objects:
		On entry : 
		On exit  : 
		Unchanged: 
 Data sizes:     COMMON   BANK0   BANK1   BANK3   BANK2
      Params:         5       0       0       0       0
      Locals:         1       0       0       0       0
      Temps:          0       2       0       0       0
      Totals:         6       2       0       0       0
Total ram usage:        8 bytes
 Hardware stack levels used:    1
 Hardware stack levels required when called:    3
 This function calls:
		_Lcd_Set_Cursor
		_Lcd_Write_Char
		___lwdiv
		___wmul
 This function is called by:
		_main
 This function uses a non-reentrant model


 *************** function _impr_Pot *****************
 Defined at:
		line 210 in file "main.c"
 Parameters:    Size  Location     Type
  uni             1    wreg     unsigned char 
  dec             1    8[COMMON] unsigned char 
  cen             1    9[COMMON] unsigned char 
  val             1   10[COMMON] unsigned char 
  fact            2   11[COMMON] int 
 Auto vars:     Size  Location     Type
  uni             1   13[COMMON] unsigned char 
 Return value:  Size  Location     Type
                  1    wreg      void 
 Registers used:
		wreg, fsr0l, fsr0h, status,2, status,0, pclath, cstack
 Tracked objects:
		On entry : 
		On exit  : 
		Unchanged: 
 Data sizes:     COMMON   BANK0   BANK1   BANK3   BANK2
      Params:         5       0       0       0       0
      Locals:         1       0       0       0       0
      Temps:          0       2       0       0       0
      Totals:         6       2       0       0       0
Total ram usage:        8 bytes
 Hardware stack levels used:    1
 Hardware stack levels required when called:    3
 This function calls:
		_Lcd_Set_Cursor
		_Lcd_Write_Char
		_Lcd_Write_String
		___lwdiv
		___wmul
 This function is called by:
		_main
 This function uses a non-reentrant model


 *************** function ___wmul *****************
 Defined at:
		line 15 in file "C:\Program Files\Microchip\xc8\v2.31\pic\sources\c90\common\Umul16.c"
 Parameters:    Size  Location     Type
  multiplier      2    0[COMMON] unsigned int 
  multiplicand    2    2[COMMON] unsigned int 
 Auto vars:     Size  Location     Type
  product         2    4[COMMON] unsigned int 
 Return value:  Size  Location     Type
                  2    0[COMMON] unsigned int 
 Registers used:
		wreg, status,2, status,0
 Tracked objects:
		On entry : 
		On exit  : 
		Unchanged: 
 Data sizes:     COMMON   BANK0   BANK1   BANK3   BANK2
      Params:         4       0       0       0       0
      Locals:         2       0       0       0       0
      Temps:          0       0       0       0       0
      Totals:         6       0       0       0       0
Total ram usage:        6 bytes
 Hardware stack levels used:    1
 This function calls:
		Nothing
 This function is called by:
		_main
		_impr_cont
		_impr_Pot
 This function uses a non-reentrant model


 *************** function ___lwdiv *****************
 Defined at:
		line 5 in file "C:\Program Files\Microchip\xc8\v2.31\pic\sources\c90\common\lwdiv.c"
 Parameters:    Size  Location     Type
  divisor         2    0[COMMON] unsigned int 
  dividend        2    2[COMMON] unsigned int 
 Auto vars:     Size  Location     Type
  quotient        2    5[COMMON] unsigned int 
  counter         1    7[COMMON] unsigned char 
 Return value:  Size  Location     Type
                  2    0[COMMON] unsigned int 
 Registers used:
		wreg, status,2, status,0
 Tracked objects:
		On entry : 
		On exit  : 
		Unchanged: 
 Data sizes:     COMMON   BANK0   BANK1   BANK3   BANK2
      Params:         4       0       0       0       0
      Locals:         3       0       0       0       0
      Temps:          1       0       0       0       0
      Totals:         8       0       0       0       0
Total ram usage:        8 bytes
 Hardware stack levels used:    1
 This function calls:
		Nothing
 This function is called by:
		_main
		_impr_cont
		_impr_Pot
 This function uses a non-reentrant model


 *************** function _Lcd_Write_String *****************
 Defined at:
		line 62 in file "lcd.c"
 Parameters:    Size  Location     Type
  a               1    wreg     PTR unsigned char 
		 -> STR_8(2), STR_7(2), STR_6(2), STR_5(2), 
		 -> STR_4(2), STR_3(4), STR_2(4), STR_1(4), 
 Auto vars:     Size  Location     Type
  a               1    5[COMMON] PTR unsigned char 
		 -> STR_8(2), STR_7(2), STR_6(2), STR_5(2), 
		 -> STR_4(2), STR_3(4), STR_2(4), STR_1(4), 
  i               2    3[COMMON] int 
 Return value:  Size  Location     Type
                  1    wreg      void 
 Registers used:
		wreg, fsr0l, fsr0h, status,2, status,0, pclath, cstack
 Tracked objects:
		On entry : 
		On exit  : 
		Unchanged: 
 Data sizes:     COMMON   BANK0   BANK1   BANK3   BANK2
      Params:         0       0       0       0       0
      Locals:         3       0       0       0       0
      Temps:          0       0       0       0       0
      Totals:         3       0       0       0       0
Total ram usage:        3 bytes
 Hardware stack levels used:    1
 Hardware stack levels required when called:    2
 This function calls:
		_Lcd_Write_Char
 This function is called by:
		_main
		_impr_Pot
 This function uses a non-reentrant model


 *************** function _Lcd_Write_Char *****************
 Defined at:
		line 54 in file "lcd.c"
 Parameters:    Size  Location     Type
  a               1    wreg     unsigned char 
 Auto vars:     Size  Location     Type
  a               1    2[COMMON] unsigned char 
 Return value:  Size  Location     Type
                  1    wreg      void 
 Registers used:
		wreg, status,2, status,0, pclath, cstack
 Tracked objects:
		On entry : 
		On exit  : 
		Unchanged: 
 Data sizes:     COMMON   BANK0   BANK1   BANK3   BANK2
      Params:         0       0       0       0       0
      Locals:         1       0       0       0       0
      Temps:          1       0       0       0       0
      Totals:         2       0       0       0       0
Total ram usage:        2 bytes
 Hardware stack levels used:    1
 Hardware stack levels required when called:    1
 This function calls:
		_Lcd_Port
 This function is called by:
		_main
		_impr_cont
		_impr_Pot
		_Lcd_Write_String
 This function uses a non-reentrant model


 *************** function _Lcd_Set_Cursor *****************
 Defined at:
		line 25 in file "lcd.c"
 Parameters:    Size  Location     Type
  a               1    wreg     unsigned char 
  b               1    4[COMMON] unsigned char 
 Auto vars:     Size  Location     Type
  a               1    6[COMMON] unsigned char 
  temp            1    7[COMMON] unsigned char 
 Return value:  Size  Location     Type
                  1    wreg      void 
 Registers used:
		wreg, status,2, status,0, pclath, cstack
 Tracked objects:
		On entry : 
		On exit  : 
		Unchanged: 
 Data sizes:     COMMON   BANK0   BANK1   BANK3   BANK2
      Params:         1       0       0       0       0
      Locals:         2       0       0       0       0
      Temps:          1       0       0       0       0
      Totals:         4       0       0       0       0
Total ram usage:        4 bytes
 Hardware stack levels used:    1
 Hardware stack levels required when called:    2
 This function calls:
		_Lcd_Cmd
 This function is called by:
		_main
		_impr_cont
		_impr_Pot
 This function uses a non-reentrant model


 *************** function ___xxtofl *****************
 Defined at:
		line 10 in file "C:\Program Files\Microchip\xc8\v2.31\pic\sources\c90\common\xxtofl.c"
 Parameters:    Size  Location     Type
  sign            1    wreg     unsigned char 
  val             4    0[COMMON] long 
 Auto vars:     Size  Location     Type
  sign            1    8[COMMON] unsigned char 
  arg             4   10[COMMON] unsigned long 
  exp             1    9[COMMON] unsigned char 
 Return value:  Size  Location     Type
                  4    0[COMMON] unsigned char 
 Registers used:
		wreg, status,2, status,0
 Tracked objects:
		On entry : 
		On exit  : 
		Unchanged: 
 Data sizes:     COMMON   BANK0   BANK1   BANK3   BANK2
      Params:         4       0       0       0       0
      Locals:         6       0       0       0       0
      Temps:          4       0       0       0       0
      Totals:        14       0       0       0       0
Total ram usage:       14 bytes
 Hardware stack levels used:    1
 This function calls:
		Nothing
 This function is called by:
		_main
 This function uses a non-reentrant model


 *************** function ___fltol *****************
 Defined at:
		line 43 in file "C:\Program Files\Microchip\xc8\v2.31\pic\sources\c90\common\fltol.c"
 Parameters:    Size  Location     Type
  f1              4   26[BANK0 ] unsigned char 
 Auto vars:     Size  Location     Type
  exp1            1   36[BANK0 ] unsigned char 
  sign1           1   35[BANK0 ] unsigned char 
 Return value:  Size  Location     Type
                  4   26[BANK0 ] long 
 Registers used:
		wreg, status,2, status,0
 Tracked objects:
		On entry : 
		On exit  : 
		Unchanged: 
 Data sizes:     COMMON   BANK0   BANK1   BANK3   BANK2
      Params:         0       4       0       0       0
      Locals:         0       2       0       0       0
      Temps:          0       5       0       0       0
      Totals:         0      11       0       0       0
Total ram usage:       11 bytes
 Hardware stack levels used:    1
 This function calls:
		Nothing
 This function is called by:
		_main
 This function uses a non-reentrant model


 *************** function ___flmul *****************
 Defined at:
		line 8 in file "C:\Program Files\Microchip\xc8\v2.31\pic\sources\c90\common\sprcmul.c"
 Parameters:    Size  Location     Type
  b               4    0[BANK0 ] long 
  a               4    4[BANK0 ] long 
 Auto vars:     Size  Location     Type
  prod            4   20[BANK0 ] struct .
  grs             4   14[BANK0 ] unsigned long 
  temp            2   24[BANK0 ] struct .
  bexp            1   19[BANK0 ] unsigned char 
  aexp            1   18[BANK0 ] unsigned char 
  sign            1   13[BANK0 ] unsigned char 
 Return value:  Size  Location     Type
                  4    0[BANK0 ] unsigned char 
 Registers used:
		wreg, status,2, status,0, btemp+1, pclath, cstack
 Tracked objects:
		On entry : 
		On exit  : 
		Unchanged: 
 Data sizes:     COMMON   BANK0   BANK1   BANK3   BANK2
      Params:         0       8       0       0       0
      Locals:         0      13       0       0       0
      Temps:          0       5       0       0       0
      Totals:         0      26       0       0       0
Total ram usage:       26 bytes
 Hardware stack levels used:    1
 Hardware stack levels required when called:    1
 This function calls:
		__Umul8_16
 This function is called by:
		_main
 This function uses a non-reentrant model


 *************** function __Umul8_16 *****************
 Defined at:
		line 4 in file "C:\Program Files\Microchip\xc8\v2.31\pic\sources\c90\common\Umul8_16.c"
 Parameters:    Size  Location     Type
  multiplier      1    wreg     unsigned char 
  multiplicand    1    0[COMMON] unsigned char 
 Auto vars:     Size  Location     Type
  multiplier      1    8[COMMON] unsigned char 
  word_mpld       2    6[COMMON] unsigned int 
  product         2    4[COMMON] unsigned int 
 Return value:  Size  Location     Type
                  2    0[COMMON] unsigned int 
 Registers used:
		wreg, status,2, status,0
 Tracked objects:
		On entry : 
		On exit  : 
		Unchanged: 
 Data sizes:     COMMON   BANK0   BANK1   BANK3   BANK2
      Params:         2       0       0       0       0
      Locals:         5       0       0       0       0
      Temps:          2       0       0       0       0
      Totals:         9       0       0       0       0
Total ram usage:        9 bytes
 Hardware stack levels used:    1
 This function calls:
		Nothing
 This function is called by:
		___flmul
 This function uses a non-reentrant model


 *************** function _Lcd_Init *****************
 Defined at:
		line 36 in file "lcd.c"
 Parameters:    Size  Location     Type
		None
 Auto vars:     Size  Location     Type
		None
 Return value:  Size  Location     Type
                  1    wreg      void 
 Registers used:
		wreg, status,2, status,0, pclath, cstack
 Tracked objects:
		On entry : 
		On exit  : 
		Unchanged: 
 Data sizes:     COMMON   BANK0   BANK1   BANK3   BANK2
      Params:         0       0       0       0       0
      Locals:         0       0       0       0       0
      Temps:          3       0       0       0       0
      Totals:         3       0       0       0       0
Total ram usage:        3 bytes
 Hardware stack levels used:    1
 Hardware stack levels required when called:    2
 This function calls:
		_Lcd_Cmd
		_Lcd_Port
 This function is called by:
		_main
 This function uses a non-reentrant model


 *************** function _Lcd_Clear *****************
 Defined at:
		line 20 in file "lcd.c"
 Parameters:    Size  Location     Type
		None
 Auto vars:     Size  Location     Type
		None
 Return value:  Size  Location     Type
                  1    wreg      void 
 Registers used:
		wreg, status,2, status,0, pclath, cstack
 Tracked objects:
		On entry : 
		On exit  : 
		Unchanged: 
 Data sizes:     COMMON   BANK0   BANK1   BANK3   BANK2
      Params:         0       0       0       0       0
      Locals:         0       0       0       0       0
      Temps:          0       0       0       0       0
      Totals:         0       0       0       0       0
Total ram usage:        0 bytes
 Hardware stack levels used:    1
 Hardware stack levels required when called:    2
 This function calls:
		_Lcd_Cmd
 This function is called by:
		_main
 This function uses a non-reentrant model


 *************** function _Lcd_Cmd *****************
 Defined at:
		line 12 in file "lcd.c"
 Parameters:    Size  Location     Type
  a               1    wreg     unsigned char 
 Auto vars:     Size  Location     Type
  a               1    3[COMMON] unsigned char 
 Return value:  Size  Location     Type
                  1    wreg      void 
 Registers used:
		wreg, status,2, status,0, pclath, cstack
 Tracked objects:
		On entry : 
		On exit  : 
		Unchanged: 
 Data sizes:     COMMON   BANK0   BANK1   BANK3   BANK2
      Params:         0       0       0       0       0
      Locals:         1       0       0       0       0
      Temps:          2       0       0       0       0
      Totals:         3       0       0       0       0
Total ram usage:        3 bytes
 Hardware stack levels used:    1
 Hardware stack levels required when called:    1
 This function calls:
		_Lcd_Port
 This function is called by:
		_Lcd_Clear
		_Lcd_Set_Cursor
		_Lcd_Init
		_Lcd_Shift_Right
		_Lcd_Shift_Left
 This function uses a non-reentrant model


 *************** function _Lcd_Port *****************
 Defined at:
		line 8 in file "lcd.c"
 Parameters:    Size  Location     Type
  a               1    wreg     unsigned char 
 Auto vars:     Size  Location     Type
  a               1    0[COMMON] unsigned char 
 Return value:  Size  Location     Type
                  1    wreg      void 
 Registers used:
		wreg
 Tracked objects:
		On entry : 
		On exit  : 
		Unchanged: 
 Data sizes:     COMMON   BANK0   BANK1   BANK3   BANK2
      Params:         0       0       0       0       0
      Locals:         1       0       0       0       0
      Temps:          0       0       0       0       0
      Totals:         1       0       0       0       0
Total ram usage:        1 bytes
 Hardware stack levels used:    1
 This function calls:
		Nothing
 This function is called by:
		_Lcd_Cmd
		_Lcd_Init
		_Lcd_Write_Char
 This function uses a non-reentrant model



MODULE INFORMATION

Module		Function		Class		Link	Load	Size
C:\Program Files\Microchip\xc8\v2.31\pic\sources\c90\common\sprcmul.c
		___flmul       		CODE           	048B	0000	865

C:\Program Files\Microchip\xc8\v2.31\pic\sources\c90\common\sprcmul.c estimated size: 865

C:\Program Files\Microchip\xc8\v2.31\pic\sources\c90\common\Umul8_16.c
		__Umul8_16     		CODE           	0DBF	0000	39

C:\Program Files\Microchip\xc8\v2.31\pic\sources\c90\common\Umul8_16.c estimated size: 39

C:\Program Files\Microchip\xc8\v2.31\pic\sources\c90\common\Umul16.c
		___wmul        		CODE           	0D9A	0000	37

C:\Program Files\Microchip\xc8\v2.31\pic\sources\c90\common\Umul16.c estimated size: 37

C:\Program Files\Microchip\xc8\v2.31\pic\sources\c90\common\lwdiv.c
		___lwdiv       		CODE           	0DE6	0000	68

C:\Program Files\Microchip\xc8\v2.31\pic\sources\c90\common\lwdiv.c estimated size: 68

shared
		__stringtab    		STRING         	0800	0000	6
		__initialization		CODE           	07EC	0000	16

shared estimated size: 22

C:\Program Files\Microchip\xc8\v2.31\pic\sources\c90\common\fltol.c
		___fltol       		CODE           	0008	0000	124

C:\Program Files\Microchip\xc8\v2.31\pic\sources\c90\common\fltol.c estimated size: 124

C:\Program Files\Microchip\xc8\v2.31\pic\sources\c90\common\xxtofl.c
		___xxtofl      		CODE           	0E86	0000	186

C:\Program Files\Microchip\xc8\v2.31\pic\sources\c90\common\xxtofl.c estimated size: 186

lcd.c
		_Lcd_Write_String		CODE           	0D75	0000	37
		_Lcd_Init      		CODE           	0E2A	0000	92
		_Lcd_Write_Char		CODE           	0CEF	0000	22
		_Lcd_Cmd       		CODE           	0D1B	0000	26
		_Lcd_Set_Cursor		CODE           	0D51	0000	36
		_Lcd_Clear     		CODE           	0CE2	0000	13
		_Lcd_Port      		CODE           	0CC6	0000	6

lcd.c estimated size: 232

SPI.c
		_spiWrite      		CODE           	0CCC	0000	6
		_spiInit       		CODE           	0D05	0000	22
		_spiReceiveWait		CODE           	0CD2	0000	7
		_spiRead       		CODE           	0CD9	0000	9

SPI.c estimated size: 44

main.c
		_main          		CODE           	0154	0000	823
		_impr_Pot      		CODE           	0084	0000	208
		_setup         		CODE           	0D35	0000	28
		_impr_cont     		CODE           	0F40	0000	192

main.c estimated size: 1251

