Microchip MPLAB XC8 Compiler V2.31

Linker command line:

-W-3 --edf=C:\Program Files\Microchip\xc8\v2.31\pic\dat\en_msgs.txt -cn \
  -h+dist/default/production\Maestro_mp2.X.production.sym \
  --cmf=dist/default/production\Maestro_mp2.X.production.cmf -z -Q16F887 \
  -oC:\Users\Universidad\AppData\Local\Temp\s1q68.2 \
  --defsym=__MPLAB_BUILD=1 \
  -Mdist/default/production/Maestro_mp2.X.production.map -E1 \
  -ver=XC8 Compiler --acfsm=1493 -ASTACK=0110h-016Fh -pstack=STACK \
  -ACODE=00h-07FFhx4 -ASTRCODE=00h-01FFFh -ASTRING=00h-0FFhx32 \
  -ACONST=00h-0FFhx32 -AENTRY=00h-0FFhx32 -ACOMMON=070h-07Fh \
  -ABANK0=020h-06Fh -ABANK1=0A0h-0EFh -ABANK2=0110h-016Fh \
  -ABANK3=0190h-01EFh -ARAM=020h-06Fh,0A0h-0EFh,0110h-016Fh,0190h-01EFh \
  -AABS1=020h-07Fh,0A0h-0EFh,0110h-016Fh,0190h-01EFh -ASFR0=00h-01Fh \
  -ASFR1=080h-09Fh -ASFR2=0100h-010Fh -ASFR3=0180h-018Fh \
  -ACONFIG=02007h-02008h -DCONFIG=2 -AIDLOC=02000h-02003h -DIDLOC=2 \
  -AEEDATA=00h-0FFh/02100h -peeprom_data=EEDATA -DEEDATA=2 -DCODE=2 \
  -DSTRCODE=2 -DSTRING=2 -DCONST=2 -DENTRY=2 \
  -preset_vec=00h,intentry,init,end_init -ppowerup=CODE -pcinit=CODE \
  -pfunctab=ENTRY -k C:\Users\Universidad\AppData\Local\Temp\s1q68.o \
  dist/default/production\Maestro_mp2.X.production.o 

Object code version is 3.11

Machine type is 16F887



                Name                               Link     Load   Length Selector   Space Scale
C:\Users\Universidad\AppData\Local\Temp\s1q68.o
                end_init                              0        0        3        0       0
                config                             2007     2007        2        0       4
dist/default/production\Maestro_mp2.X.production.o
                cinit                               7EB      7EB       15      FD6       0
                config                             2007     2007        2        0       4
                text18                                9        9        D       12       0
                text17                              BED      BED        9     17DA       0
                text16                              BF6      BF6        9     17EC       0
                text15                              BFF      BFF        A     17FE       0
                text14                              C25      C25       2D     184A       0
                text13                              D21      D21       48     1A42       0
                text12                              C7F      C7F       2E     18FE       0
                text11                              DB1      DB1       4C     1B62       0
                text10                              CE5      CE5       3C     19CA       0
                text9                               F1A      F1A       E6     1E34       0
                text8                                16       16       9D       2C       0
                text7                               DFD      DFD       66     1BFA       0
                text6                               D69      D69       48     1AD2       0
                text5                               2C5      2C5      526      58A       0
                text4                               E63      E63       B7     1CC6       0
                text3                                B3       B3      212      166       0
                text2                               CAD      CAD       38     195A       0
                text1                               C09      C09       1C     1812       0
                maintext                            C52      C52       2D     18A4       0
                cstackBANK0                          20       20       3B       20       1
                cstackCOMMON                         70       70        E       70       1
                clrtext                             BE5      BE5        8     17CA       0
                bssBANK1                             A0       A0       2D       A0       1
                bssBANK0                             5B       5B       13       20       1

TOTAL           Name                               Link     Load   Length     Space
        CLASS   STACK          

        CLASS   CODE           
                end_init                              0        0        3         0
                cinit                               7EB      7EB       15         0
                text18                                9        9        D         0
                text17                              BED      BED        9         0
                text16                              BF6      BF6        9         0
                text15                              BFF      BFF        A         0
                text14                              C25      C25       2D         0
                text13                              D21      D21       48         0
                text12                              C7F      C7F       2E         0
                text11                              DB1      DB1       4C         0
                text10                              CE5      CE5       3C         0
                text9                               F1A      F1A       E6         0
                text8                                16       16       9D         0
                text7                               DFD      DFD       66         0
                text6                               D69      D69       48         0
                text5                               2C5      2C5      526         0
                text4                               E63      E63       B7         0
                text3                                B3       B3      212         0
                text2                               CAD      CAD       38         0
                text1                               C09      C09       1C         0
                maintext                            C52      C52       2D         0
                clrtext                             BE5      BE5        8         0

        CLASS   STRCODE        

        CLASS   STRING         

        CLASS   CONST          

        CLASS   ENTRY          

        CLASS   COMMON         
                cstackCOMMON                         70       70        E         1

        CLASS   BANK0          
                cstackBANK0                          20       20       3B         1
                bssBANK0                             5B       5B       13         1

        CLASS   BANK1          
                bssBANK1                             A0       A0       2D         1

        CLASS   BANK2          

        CLASS   BANK3          

        CLASS   RAM            

        CLASS   ABS1           
                abs_s1                               7E       7E        2         1

        CLASS   SFR0           

        CLASS   SFR1           

        CLASS   SFR2           

        CLASS   SFR3           

        CLASS   CONFIG         
                config                             2007     2007        2         4

        CLASS   IDLOC          

        CLASS   EEDATA         



SEGMENTS        Name                           Load    Length   Top    Selector   Space  Class     Delta

                reset_vec                      000000  000003  000003         0       0  CODE        2
                text18                         000009  00000D  000016        12       0  CODE        2
                cstackBANK0                    000020  00004E  00006E        20       1  BANK0       1
                text8                          000016  00009D  0000B3        2C       0  CODE        2
                cstackCOMMON                   000070  00000E  00007E        70       1  COMMON      1
                bssBANK1                       0000A0  00002D  0000CD        A0       1  BANK1       1
                text3                          0000B3  000212  0002C5       166       0  CODE        2
                text5                          0002C5  000526  0007EB       58A       0  CODE        2
                cinit                          0007EB  000015  000800       FD6       0  CODE        2
                clrtext                        000BE5  000008  000BED      17CA       0  CODE        2
                text17                         000BED  000009  000BF6      17DA       0  CODE        2
                text16                         000BF6  000009  000BFF      17EC       0  CODE        2
                text15                         000BFF  00000A  000C09      17FE       0  CODE        2
                text1                          000C09  00001C  000C25      1812       0  CODE        2
                text14                         000C25  00002D  000C52      184A       0  CODE        2
                maintext                       000C52  00002D  000C7F      18A4       0  CODE        2
                text12                         000C7F  00002E  000CAD      18FE       0  CODE        2
                text2                          000CAD  000038  000CE5      195A       0  CODE        2
                text10                         000CE5  00003C  000D21      19CA       0  CODE        2
                text13                         000D21  000048  000D69      1A42       0  CODE        2
                text6                          000D69  000048  000DB1      1AD2       0  CODE        2
                text11                         000DB1  00004C  000DFD      1B62       0  CODE        2
                text7                          000DFD  000066  000E63      1BFA       0  CODE        2
                text4                          000E63  0000B7  000F1A      1CC6       0  CODE        2
                text9                          000F1A  0000E6  001000      1E34       0  CODE        2


UNUSED ADDRESS RANGES

        Name                Unused          Largest block    Delta
        BANK0            006E-006F              2           1
        BANK1            00CD-00EF             23           1
        BANK2            0110-016F             60           1
        BANK3            0190-01EF             60           1
        CODE             0003-0008              6           2
                         0800-0BE4            3E5
                         1000-1FFF            800
        CONST            0003-0008              6           2
                         0800-0BE4            100
                         1000-1FFF            100
        EEDATA           2100-21FF            100           2
        ENTRY            0003-0008              6           2
                         0800-0BE4            100
                         1000-1FFF            100
        IDLOC            2000-2003              4           2
        RAM              006E-006F              2           1
                         00CD-00EF             23
                         0110-016F             60
                         0190-01EF             60
        SFR0             0000-001F             20           1
        SFR1             0080-009F             20           1
        SFR2             0100-010F             10           1
        SFR3             0180-018F             10           1
        STACK            0110-016F             60           1
        STRCODE          0003-0008              6           2
                         0800-0BE4            3E5
                         1000-1FFF           1000
        STRING           0003-0008              6           2
                         0800-0BE4            100
                         1000-1FFF            100

                                  Symbol Table

?_BMP280_Read16                  cstackCOMMON 0076
?_BMP280_begin                   cstackBANK0  0023
?_I2C_Master_Read                cstackCOMMON 0070
?___aldiv                        cstackCOMMON 0070
?___lldiv                        cstackCOMMON 0070
?___lmul                         cstackBANK0  0026
BMP280_Configure@P_sampling      cstackCOMMON 0077
BMP280_Configure@T_sampling      cstackCOMMON 0076
BMP280_Configure@_config         cstackBANK0  0022
BMP280_Configure@_ctrl_meas      cstackBANK0  0021
BMP280_Configure@filter          cstackCOMMON 0078
BMP280_Configure@mode            cstackBANK0  0020
BMP280_Configure@standby         cstackCOMMON 0079
BMP280_Read16@reg_addr           cstackCOMMON 007A
BMP280_Read16@ret                cstackCOMMON 007B
BMP280_Read8@reg_addr            cstackCOMMON 0078
BMP280_Read8@ret                 cstackCOMMON 0079
BMP280_Update@ret                cstackCOMMON 007A
BMP280_Write@_data               cstackCOMMON 0072
BMP280_Write@reg_addr            cstackCOMMON 0075
BMP280_begin@P_sampling          cstackBANK0  0024
BMP280_begin@T_sampling          cstackBANK0  0023
BMP280_begin@filter              cstackBANK0  0025
BMP280_begin@mode                cstackCOMMON 007D
BMP280_begin@standby             cstackBANK0  0026
BMP280_readPressure@p            cstackBANK0  0053
BMP280_readPressure@pres         cstackBANK0  004A
BMP280_readPressure@var1         cstackBANK0  0057
BMP280_readPressure@var2         cstackBANK0  004F
BMP280_readTemperature@temp      cstackBANK0  004A
BMP280_readTemperature@var1      cstackBANK0  003E
BMP280_readTemperature@var2      cstackBANK0  0042
I2C_Master_Init@c                cstackBANK0  0020
I2C_Master_Read@a                cstackCOMMON 0070
I2C_Master_Read@temp             cstackCOMMON 0074
I2C_Master_Write@d               cstackCOMMON 0070
_ANSEL                           (abs)        0188
_ANSELH                          (abs)        0189
_BMP280_Configure                text13       0D21
_BMP280_Read16                   text11       0DB1
_BMP280_Read8                    text10       0CE5
_BMP280_Update                   text4        0E63
_BMP280_Write                    text14       0C25
_BMP280_begin                    text9        0F1A
_BMP280_calib                    bssBANK1     00B5
_BMP280_readPressure             text5        02C5
_BMP280_readPressure$965         cstackBANK0  004B
_BMP280_readPressure$966         cstackBANK0  003E
_BMP280_readPressure$967         cstackBANK0  0042
_BMP280_readPressure$968         cstackBANK0  0046
_BMP280_readTemperature          text3        00B3
_BMP280_readTemperature$963      cstackBANK0  004B
_BMP280_readTemperature$964      cstackBANK0  0046
_GIE                             (abs)        005F
_I2C_Master_Init                 text2        0CAD
_I2C_Master_Read                 text12       0C7F
_I2C_Master_Start                text17       0BED
_I2C_Master_Stop                 text16       0BF6
_I2C_Master_Wait                 text18       0009
_I2C_Master_Write                text15       0BFF
_PEIE                            (abs)        005E
_PORTB                           (abs)        0006
_PORTBbits                       (abs)        0006
_PORTD                           (abs)        0008
_SSPADD                          (abs)        0093
_SSPBUF                          (abs)        0013
_SSPCON                          (abs)        0014
_SSPCON2                         (abs)        0091
_SSPCON2bits                     (abs)        0091
_SSPIE                           (abs)        0463
_SSPIF                           (abs)        0063
_SSPSTAT                         (abs)        0094
_TRISB                           (abs)        0086
_TRISC                           (abs)        0087
_TRISC3                          (abs)        043B
_TRISC4                          (abs)        043C
_TRISCbits                       (abs)        0087
_TRISD                           (abs)        0088
_TRISE                           (abs)        0089
__Habs1                          abs1         0000
__Hbank0                         bank0        0000
__Hbank1                         bank1        0000
__Hbank2                         bank2        0000
__Hbank3                         bank3        0000
__HbssBANK0                      bssBANK0     0000
__HbssBANK1                      bssBANK1     0000
__Hcinit                         cinit        0800
__Hclrtext                       clrtext      0000
__Hcode                          code         0000
__Hcommon                        common       0000
__Hconfig                        config       2009
__HcstackBANK0                   cstackBANK0  0000
__HcstackCOMMON                  cstackCOMMON 0000
__Heeprom_data                   eeprom_data  0000
__Hend_init                      end_init     0003
__Hfunctab                       functab      0000
__Hinit                          init         0000
__Hintentry                      intentry     0000
__Hmaintext                      maintext     0000
__Hpowerup                       powerup      0000
__Hram                           ram          0000
__Hreset_vec                     reset_vec    0000
__Hsfr0                          sfr0         0000
__Hsfr1                          sfr1         0000
__Hsfr2                          sfr2         0000
__Hsfr3                          sfr3         0000
__Hspace_0                       (abs)        1000
__Hspace_1                       (abs)        00CD
__Hspace_2                       (abs)        0000
__Hspace_3                       (abs)        0000
__Hspace_4                       (abs)        4010
__Hstack                         stack        0000
__Hstrings                       strings      0000
__Htext                          text         0000
__Labs1                          abs1         0000
__Lbank0                         bank0        0000
__Lbank1                         bank1        0000
__Lbank2                         bank2        0000
__Lbank3                         bank3        0000
__LbssBANK0                      bssBANK0     0000
__LbssBANK1                      bssBANK1     0000
__Lcinit                         cinit        07EB
__Lclrtext                       clrtext      0000
__Lcode                          code         0000
__Lcommon                        common       0000
__Lconfig                        config       0000
__LcstackBANK0                   cstackBANK0  0000
__LcstackCOMMON                  cstackCOMMON 0000
__Leeprom_data                   eeprom_data  0000
__Lend_init                      end_init     0000
__Lfunctab                       functab      0000
__Linit                          init         0000
__Lintentry                      intentry     0000
__Lmaintext                      maintext     0000
__Lpowerup                       powerup      0000
__Lram                           ram          0000
__Lreset_vec                     reset_vec    0000
__Lsfr0                          sfr0         0000
__Lsfr1                          sfr1         0000
__Lsfr2                          sfr2         0000
__Lsfr3                          sfr3         0000
__Lspace_0                       (abs)        0000
__Lspace_1                       (abs)        0000
__Lspace_2                       (abs)        0000
__Lspace_3                       (abs)        0000
__Lspace_4                       (abs)        0000
__Lstack                         stack        0000
__Lstrings                       strings      0000
__Ltext                          text         0000
__S0                             (abs)        1000
__S1                             (abs)        00CD
__S2                             (abs)        0000
__S3                             (abs)        0000
___aldiv                         text8        0016
___aldiv@counter                 cstackBANK0  0020
___aldiv@dividend                cstackCOMMON 0074
___aldiv@divisor                 cstackCOMMON 0070
___aldiv@quotient                cstackBANK0  0022
___aldiv@sign                    cstackBANK0  0021
___int_sp                        stack        0000
___latbits                       (abs)        0002
___lldiv                         text7        0DFD
___lldiv@counter                 cstackCOMMON 007D
___lldiv@dividend                cstackCOMMON 0074
___lldiv@divisor                 cstackCOMMON 0070
___lldiv@quotient                cstackCOMMON 0079
___lmul                          text6        0D69
___lmul@multiplicand             cstackBANK0  002A
___lmul@multiplier               cstackBANK0  0026
___lmul@product                  cstackCOMMON 007A
___sp                            stack        0000
___stackhi                       (abs)        0000
___stacklo                       (abs)        0000
__end_of_BMP280_Configure        text13       0D69
__end_of_BMP280_Read16           text11       0DFD
__end_of_BMP280_Read8            text10       0D21
__end_of_BMP280_Update           text4        0F1A
__end_of_BMP280_Write            text14       0C52
__end_of_BMP280_begin            text9        1000
__end_of_BMP280_readPressure     text5        07EB
__end_of_BMP280_readTemperature  text3        02C5
__end_of_I2C_Master_Init         text2        0CE5
__end_of_I2C_Master_Read         text12       0CAD
__end_of_I2C_Master_Start        text17       0BF6
__end_of_I2C_Master_Stop         text16       0BFF
__end_of_I2C_Master_Wait         text18       0016
__end_of_I2C_Master_Write        text15       0C09
__end_of___aldiv                 text8        00B3
__end_of___lldiv                 text7        0E63
__end_of___lmul                  text6        0DB1
__end_of__initialization         cinit        07FC
__end_of_main                    maintext     0C7F
__end_of_setup                   text1        0C25
__initialization                 cinit        07EB
__pbssBANK0                      bssBANK0     005B
__pbssBANK1                      bssBANK1     00A0
__pcstackBANK0                   cstackBANK0  0020
__pcstackCOMMON                  cstackCOMMON 0070
__pmaintext                      maintext     0C52
__ptext1                         text1        0C09
__ptext10                        text10       0CE5
__ptext11                        text11       0DB1
__ptext12                        text12       0C7F
__ptext13                        text13       0D21
__ptext14                        text14       0C25
__ptext15                        text15       0BFF
__ptext16                        text16       0BF6
__ptext17                        text17       0BED
__ptext18                        text18       0009
__ptext2                         text2        0CAD
__ptext3                         text3        00B3
__ptext4                         text4        0E63
__ptext5                         text5        02C5
__ptext6                         text6        0D69
__ptext7                         text7        0DFD
__ptext8                         text8        0016
__ptext9                         text9        0F1A
__size_of_BMP280_Configure       (abs)        0000
__size_of_BMP280_Read16          (abs)        0000
__size_of_BMP280_Read8           (abs)        0000
__size_of_BMP280_Update          (abs)        0000
__size_of_BMP280_Write           (abs)        0000
__size_of_BMP280_begin           (abs)        0000
__size_of_BMP280_readPressure    (abs)        0000
__size_of_BMP280_readTemperature (abs)        0000
__size_of_I2C_Master_Init        (abs)        0000
__size_of_I2C_Master_Read        (abs)        0000
__size_of_I2C_Master_Start       (abs)        0000
__size_of_I2C_Master_Stop        (abs)        0000
__size_of_I2C_Master_Wait        (abs)        0000
__size_of_I2C_Master_Write       (abs)        0000
__size_of___aldiv                (abs)        0000
__size_of___lldiv                (abs)        0000
__size_of___lmul                 (abs)        0000
__size_of_main                   (abs)        0000
__size_of_setup                  (abs)        0000
_adc_P                           bssBANK1     00B1
_adc_T                           bssBANK0     005F
_main                            maintext     0C52
_pressure                        bssBANK0     0066
_setup                           text1        0C09
_t_fine                          bssBANK0     005B
_temperature                     bssBANK0     006A
btemp                            (abs)        007E
clear_ram0                       clrtext      0BE5
end_of_initialization            cinit        07FC
intlevel0                        functab      0000
intlevel1                        functab      0000
intlevel2                        functab      0000
intlevel3                        functab      0000
intlevel4                        functab      0000
intlevel5                        functab      0000
reset_vec                        reset_vec    0000
start                            init         0000
start_initialization             cinit        07EB
wtemp0                           (abs)        007E


FUNCTION INFORMATION:

 *************** function _main *****************
 Defined at:
		line 145 in file "main_m.c"
 Parameters:    Size  Location     Type
		None
 Auto vars:     Size  Location     Type
		None
 Return value:  Size  Location     Type
                  1    wreg      void 
 Registers used:
		wreg, fsr0l, fsr0h, status,2, status,0, pclath, cstack
 Tracked objects:
		On entry : 
		On exit  : 
		Unchanged: 
 Data sizes:     COMMON   BANK0   BANK1   BANK3   BANK2
      Params:         0       0       0       0       0
      Locals:         0       0       0       0       0
      Temps:          0       0       0       0       0
      Totals:         0       0       0       0       0
Total ram usage:        0 bytes
 Hardware stack levels required when called:    5
 This function calls:
		_BMP280_begin
		_BMP280_readPressure
		_BMP280_readTemperature
		_setup
 This function is called by:
		Startup code after reset
 This function uses a non-reentrant model


 *************** function _setup *****************
 Defined at:
		line 173 in file "main_m.c"
 Parameters:    Size  Location     Type
		None
 Auto vars:     Size  Location     Type
		None
 Return value:  Size  Location     Type
                  1    wreg      void 
 Registers used:
		wreg, status,2, status,0, pclath, cstack
 Tracked objects:
		On entry : 
		On exit  : 
		Unchanged: 
 Data sizes:     COMMON   BANK0   BANK1   BANK3   BANK2
      Params:         0       0       0       0       0
      Locals:         0       0       0       0       0
      Temps:          0       0       0       0       0
      Totals:         0       0       0       0       0
Total ram usage:        0 bytes
 Hardware stack levels used:    1
 Hardware stack levels required when called:    2
 This function calls:
		_I2C_Master_Init
 This function is called by:
		_main
 This function uses a non-reentrant model


 *************** function _I2C_Master_Init *****************
 Defined at:
		line 16 in file "I2C.c"
 Parameters:    Size  Location     Type
  c               4    0[BANK0 ] const unsigned long 
 Auto vars:     Size  Location     Type
		None
 Return value:  Size  Location     Type
                  1    wreg      void 
 Registers used:
		wreg, status,2, status,0, pclath, cstack
 Tracked objects:
		On entry : 
		On exit  : 
		Unchanged: 
 Data sizes:     COMMON   BANK0   BANK1   BANK3   BANK2
      Params:         0       4       0       0       0
      Locals:         0       0       0       0       0
      Temps:          0       4       0       0       0
      Totals:         0       8       0       0       0
Total ram usage:        8 bytes
 Hardware stack levels used:    1
 Hardware stack levels required when called:    1
 This function calls:
		___lldiv
 This function is called by:
		_setup
 This function uses a non-reentrant model


 *************** function _BMP280_readTemperature *****************
 Defined at:
		line 241 in file "BMP280.c"
 Parameters:    Size  Location     Type
  temp            1    wreg     PTR long 
		 -> temperature(4), 
 Auto vars:     Size  Location     Type
  temp            1   42[BANK0 ] PTR long 
		 -> temperature(4), 
  var2            4   34[BANK0 ] long 
  var1            4   30[BANK0 ] long 
 Return value:  Size  Location     Type
                  2    8[None  ] int 
 Registers used:
		wreg, fsr0l, fsr0h, status,2, status,0, pclath, cstack
 Tracked objects:
		On entry : 
		On exit  : 
		Unchanged: 
 Data sizes:     COMMON   BANK0   BANK1   BANK3   BANK2
      Params:         0       0       0       0       0
      Locals:         0      17       0       0       0
      Temps:          0      16       0       0       0
      Totals:         0      33       0       0       0
Total ram usage:       33 bytes
 Hardware stack levels used:    1
 Hardware stack levels required when called:    3
 This function calls:
		_BMP280_Update
		___aldiv
		___lmul
 This function is called by:
		_main
 This function uses a non-reentrant model


 *************** function _BMP280_Update *****************
 Defined at:
		line 210 in file "BMP280.c"
 Parameters:    Size  Location     Type
		None
 Auto vars:     Size  Location     Type
  ret             4   10[COMMON] struct .
 Return value:  Size  Location     Type
                  1    wreg      void 
 Registers used:
		wreg, status,2, status,0, pclath, cstack
 Tracked objects:
		On entry : 
		On exit  : 
		Unchanged: 
 Data sizes:     COMMON   BANK0   BANK1   BANK3   BANK2
      Params:         0       0       0       0       0
      Locals:         4       0       0       0       0
      Temps:          4       0       0       0       0
      Totals:         8       0       0       0       0
Total ram usage:        8 bytes
 Hardware stack levels used:    1
 Hardware stack levels required when called:    2
 This function calls:
		_I2C_Master_Read
		_I2C_Master_Start
		_I2C_Master_Stop
		_I2C_Master_Write
 This function is called by:
		_BMP280_readTemperature
 This function uses a non-reentrant model


 *************** function _BMP280_readPressure *****************
 Defined at:
		line 265 in file "BMP280.c"
 Parameters:    Size  Location     Type
  pres            1    wreg     PTR unsigned long 
		 -> pressure(4), 
 Auto vars:     Size  Location     Type
  pres            1   42[BANK0 ] PTR unsigned long 
		 -> pressure(4), 
  var1            4   55[BANK0 ] long 
  p               4   51[BANK0 ] unsigned long 
  var2            4   47[BANK0 ] long 
 Return value:  Size  Location     Type
                  2   10[None  ] int 
 Registers used:
		wreg, fsr0l, fsr0h, status,2, status,0, pclath, cstack
 Tracked objects:
		On entry : 
		On exit  : 
		Unchanged: 
 Data sizes:     COMMON   BANK0   BANK1   BANK3   BANK2
      Params:         0       0       0       0       0
      Locals:         0      29       0       0       0
      Temps:          0      16       0       0       0
      Totals:         0      45       0       0       0
Total ram usage:       45 bytes
 Hardware stack levels used:    1
 Hardware stack levels required when called:    1
 This function calls:
		___aldiv
		___lldiv
		___lmul
 This function is called by:
		_main
 This function uses a non-reentrant model


 *************** function ___lmul *****************
 Defined at:
		line 15 in file "C:\Program Files\Microchip\xc8\v2.31\pic\sources\c90\common\Umul32.c"
 Parameters:    Size  Location     Type
  multiplier      4    6[BANK0 ] unsigned long 
  multiplicand    4   10[BANK0 ] unsigned long 
 Auto vars:     Size  Location     Type
  product         4   10[COMMON] unsigned long 
 Return value:  Size  Location     Type
                  4    6[BANK0 ] unsigned long 
 Registers used:
		wreg, status,2, status,0
 Tracked objects:
		On entry : 
		On exit  : 
		Unchanged: 
 Data sizes:     COMMON   BANK0   BANK1   BANK3   BANK2
      Params:         0       8       0       0       0
      Locals:         4       0       0       0       0
      Temps:          1       0       0       0       0
      Totals:         5       8       0       0       0
Total ram usage:       13 bytes
 Hardware stack levels used:    1
 This function calls:
		Nothing
 This function is called by:
		_BMP280_readTemperature
		_BMP280_readPressure
 This function uses a non-reentrant model


 *************** function ___lldiv *****************
 Defined at:
		line 5 in file "C:\Program Files\Microchip\xc8\v2.31\pic\sources\c90\common\__lldiv.c"
 Parameters:    Size  Location     Type
  divisor         4    0[COMMON] unsigned long 
  dividend        4    4[COMMON] unsigned long 
 Auto vars:     Size  Location     Type
  quotient        4    9[COMMON] unsigned long 
  counter         1   13[COMMON] unsigned char 
 Return value:  Size  Location     Type
                  4    0[COMMON] unsigned long 
 Registers used:
		wreg, status,2, status,0
 Tracked objects:
		On entry : 
		On exit  : 
		Unchanged: 
 Data sizes:     COMMON   BANK0   BANK1   BANK3   BANK2
      Params:         8       0       0       0       0
      Locals:         5       0       0       0       0
      Temps:          1       0       0       0       0
      Totals:        14       0       0       0       0
Total ram usage:       14 bytes
 Hardware stack levels used:    1
 This function calls:
		Nothing
 This function is called by:
		_I2C_Master_Init
		_BMP280_readPressure
 This function uses a non-reentrant model


 *************** function ___aldiv *****************
 Defined at:
		line 5 in file "C:\Program Files\Microchip\xc8\v2.31\pic\sources\c90\common\aldiv.c"
 Parameters:    Size  Location     Type
  divisor         4    0[COMMON] long 
  dividend        4    4[COMMON] long 
 Auto vars:     Size  Location     Type
  quotient        4    2[BANK0 ] long 
  sign            1    1[BANK0 ] unsigned char 
  counter         1    0[BANK0 ] unsigned char 
 Return value:  Size  Location     Type
                  4    0[COMMON] long 
 Registers used:
		wreg, status,2, status,0
 Tracked objects:
		On entry : 
		On exit  : 
		Unchanged: 
 Data sizes:     COMMON   BANK0   BANK1   BANK3   BANK2
      Params:         8       0       0       0       0
      Locals:         0       6       0       0       0
      Temps:          1       0       0       0       0
      Totals:         9       6       0       0       0
Total ram usage:       15 bytes
 Hardware stack levels used:    1
 This function calls:
		Nothing
 This function is called by:
		_BMP280_readTemperature
		_BMP280_readPressure
 This function uses a non-reentrant model


 *************** function _BMP280_begin *****************
 Defined at:
		line 155 in file "BMP280.c"
 Parameters:    Size  Location     Type
  mode            1    wreg     enum E1307
  T_sampling      1    3[BANK0 ] enum E1312
  P_sampling      1    4[BANK0 ] enum E1312
  filter          1    5[BANK0 ] enum E1320
  standby         1    6[BANK0 ] enum E1327
 Auto vars:     Size  Location     Type
  mode            1   13[COMMON] enum E1307
 Return value:  Size  Location     Type
                  2    3[BANK0 ] int 
 Registers used:
		wreg, status,2, status,0, pclath, cstack
 Tracked objects:
		On entry : 
		On exit  : 
		Unchanged: 
 Data sizes:     COMMON   BANK0   BANK1   BANK3   BANK2
      Params:         0       4       0       0       0
      Locals:         1       0       0       0       0
      Temps:          0       4       0       0       0
      Totals:         1       8       0       0       0
Total ram usage:        9 bytes
 Hardware stack levels used:    1
 Hardware stack levels required when called:    4
 This function calls:
		_BMP280_Configure
		_BMP280_Read16
		_BMP280_Read8
		_BMP280_Write
 This function is called by:
		_main
 This function uses a non-reentrant model


 *************** function _BMP280_Read8 *****************
 Defined at:
		line 105 in file "BMP280.c"
 Parameters:    Size  Location     Type
  reg_addr        1    wreg     unsigned char 
 Auto vars:     Size  Location     Type
  reg_addr        1    8[COMMON] unsigned char 
  ret             1    9[COMMON] unsigned char 
 Return value:  Size  Location     Type
                  1    wreg      unsigned char 
 Registers used:
		wreg, status,2, status,0, pclath, cstack
 Tracked objects:
		On entry : 
		On exit  : 
		Unchanged: 
 Data sizes:     COMMON   BANK0   BANK1   BANK3   BANK2
      Params:         0       0       0       0       0
      Locals:         2       0       0       0       0
      Temps:          2       0       0       0       0
      Totals:         4       0       0       0       0
Total ram usage:        4 bytes
 Hardware stack levels used:    1
 Hardware stack levels required when called:    2
 This function calls:
		_I2C_Master_Read
		_I2C_Master_Start
		_I2C_Master_Stop
		_I2C_Master_Write
 This function is called by:
		_BMP280_begin
		_BMP280_ForcedMeasurement
 This function uses a non-reentrant model


 *************** function _BMP280_Read16 *****************
 Defined at:
		line 121 in file "BMP280.c"
 Parameters:    Size  Location     Type
  reg_addr        1    wreg     unsigned char 
 Auto vars:     Size  Location     Type
  reg_addr        1   10[COMMON] unsigned char 
  ret             2   11[COMMON] struct .
 Return value:  Size  Location     Type
                  2    6[COMMON] unsigned int 
 Registers used:
		wreg, status,2, status,0, pclath, cstack
 Tracked objects:
		On entry : 
		On exit  : 
		Unchanged: 
 Data sizes:     COMMON   BANK0   BANK1   BANK3   BANK2
      Params:         2       0       0       0       0
      Locals:         3       0       0       0       0
      Temps:          2       0       0       0       0
      Totals:         7       0       0       0       0
Total ram usage:        7 bytes
 Hardware stack levels used:    1
 Hardware stack levels required when called:    2
 This function calls:
		_I2C_Master_Read
		_I2C_Master_Start
		_I2C_Master_Stop
		_I2C_Master_Write
 This function is called by:
		_BMP280_begin
 This function uses a non-reentrant model


 *************** function _I2C_Master_Read *****************
 Defined at:
		line 74 in file "I2C.c"
 Parameters:    Size  Location     Type
  a               2    0[COMMON] unsigned short 
 Auto vars:     Size  Location     Type
  temp            2    4[COMMON] unsigned short 
 Return value:  Size  Location     Type
                  2    0[COMMON] unsigned short 
 Registers used:
		wreg, status,2, status,0, pclath, cstack
 Tracked objects:
		On entry : 
		On exit  : 
		Unchanged: 
 Data sizes:     COMMON   BANK0   BANK1   BANK3   BANK2
      Params:         2       0       0       0       0
      Locals:         2       0       0       0       0
      Temps:          2       0       0       0       0
      Totals:         6       0       0       0       0
Total ram usage:        6 bytes
 Hardware stack levels used:    1
 Hardware stack levels required when called:    1
 This function calls:
		_I2C_Master_Wait
 This function is called by:
		_BMP280_Read8
		_BMP280_Read16
		_BMP280_Update
 This function uses a non-reentrant model


 *************** function _BMP280_Configure *****************
 Defined at:
		line 142 in file "BMP280.c"
 Parameters:    Size  Location     Type
  mode            1    wreg     enum E1307
  T_sampling      1    6[COMMON] enum E1312
  P_sampling      1    7[COMMON] enum E1312
  filter          1    8[COMMON] enum E1320
  standby         1    9[COMMON] enum E1327
 Auto vars:     Size  Location     Type
  mode            1    0[BANK0 ] enum E1307
  _config         1    2[BANK0 ] unsigned char 
  _ctrl_meas      1    1[BANK0 ] unsigned char 
 Return value:  Size  Location     Type
                  1    wreg      void 
 Registers used:
		wreg, status,2, status,0, pclath, cstack
 Tracked objects:
		On entry : 
		On exit  : 
		Unchanged: 
 Data sizes:     COMMON   BANK0   BANK1   BANK3   BANK2
      Params:         4       0       0       0       0
      Locals:         0       3       0       0       0
      Temps:          3       0       0       0       0
      Totals:         7       3       0       0       0
Total ram usage:       10 bytes
 Hardware stack levels used:    1
 Hardware stack levels required when called:    3
 This function calls:
		_BMP280_Write
 This function is called by:
		_BMP280_begin
 This function uses a non-reentrant model


 *************** function _BMP280_Write *****************
 Defined at:
		line 95 in file "BMP280.c"
 Parameters:    Size  Location     Type
  reg_addr        1    wreg     unsigned char 
  _data           1    2[COMMON] unsigned char 
 Auto vars:     Size  Location     Type
  reg_addr        1    5[COMMON] unsigned char 
 Return value:  Size  Location     Type
                  1    wreg      void 
 Registers used:
		wreg, status,2, status,0, pclath, cstack
 Tracked objects:
		On entry : 
		On exit  : 
		Unchanged: 
 Data sizes:     COMMON   BANK0   BANK1   BANK3   BANK2
      Params:         1       0       0       0       0
      Locals:         1       0       0       0       0
      Temps:          2       0       0       0       0
      Totals:         4       0       0       0       0
Total ram usage:        4 bytes
 Hardware stack levels used:    1
 Hardware stack levels required when called:    2
 This function calls:
		_I2C_Master_Start
		_I2C_Master_Stop
		_I2C_Master_Write
 This function is called by:
		_BMP280_Configure
		_BMP280_begin
		_BMP280_ForcedMeasurement
 This function uses a non-reentrant model


 *************** function _I2C_Master_Write *****************
 Defined at:
		line 65 in file "I2C.c"
 Parameters:    Size  Location     Type
  d               2    0[COMMON] unsigned int 
 Auto vars:     Size  Location     Type
		None
 Return value:  Size  Location     Type
                  1    wreg      void 
 Registers used:
		wreg, status,2, status,0, pclath, cstack
 Tracked objects:
		On entry : 
		On exit  : 
		Unchanged: 
 Data sizes:     COMMON   BANK0   BANK1   BANK3   BANK2
      Params:         2       0       0       0       0
      Locals:         0       0       0       0       0
      Temps:          0       0       0       0       0
      Totals:         2       0       0       0       0
Total ram usage:        2 bytes
 Hardware stack levels used:    1
 Hardware stack levels required when called:    1
 This function calls:
		_I2C_Master_Wait
 This function is called by:
		_BMP280_Write
		_BMP280_Read8
		_BMP280_Read16
		_BMP280_Update
 This function uses a non-reentrant model


 *************** function _I2C_Master_Stop *****************
 Defined at:
		line 55 in file "I2C.c"
 Parameters:    Size  Location     Type
		None
 Auto vars:     Size  Location     Type
		None
 Return value:  Size  Location     Type
                  1    wreg      void 
 Registers used:
		wreg, status,2, status,0, pclath, cstack
 Tracked objects:
		On entry : 
		On exit  : 
		Unchanged: 
 Data sizes:     COMMON   BANK0   BANK1   BANK3   BANK2
      Params:         0       0       0       0       0
      Locals:         0       0       0       0       0
      Temps:          0       0       0       0       0
      Totals:         0       0       0       0       0
Total ram usage:        0 bytes
 Hardware stack levels used:    1
 Hardware stack levels required when called:    1
 This function calls:
		_I2C_Master_Wait
 This function is called by:
		_BMP280_Write
		_BMP280_Read8
		_BMP280_Read16
		_BMP280_Update
 This function uses a non-reentrant model


 *************** function _I2C_Master_Start *****************
 Defined at:
		line 39 in file "I2C.c"
 Parameters:    Size  Location     Type
		None
 Auto vars:     Size  Location     Type
		None
 Return value:  Size  Location     Type
                  1    wreg      void 
 Registers used:
		wreg, status,2, status,0, pclath, cstack
 Tracked objects:
		On entry : 
		On exit  : 
		Unchanged: 
 Data sizes:     COMMON   BANK0   BANK1   BANK3   BANK2
      Params:         0       0       0       0       0
      Locals:         0       0       0       0       0
      Temps:          0       0       0       0       0
      Totals:         0       0       0       0       0
Total ram usage:        0 bytes
 Hardware stack levels used:    1
 Hardware stack levels required when called:    1
 This function calls:
		_I2C_Master_Wait
 This function is called by:
		_BMP280_Write
		_BMP280_Read8
		_BMP280_Read16
		_BMP280_Update
 This function uses a non-reentrant model


 *************** function _I2C_Master_Wait *****************
 Defined at:
		line 32 in file "I2C.c"
 Parameters:    Size  Location     Type
		None
 Auto vars:     Size  Location     Type
		None
 Return value:  Size  Location     Type
                  1    wreg      void 
 Registers used:
		wreg, status,2
 Tracked objects:
		On entry : 
		On exit  : 
		Unchanged: 
 Data sizes:     COMMON   BANK0   BANK1   BANK3   BANK2
      Params:         0       0       0       0       0
      Locals:         0       0       0       0       0
      Temps:          0       0       0       0       0
      Totals:         0       0       0       0       0
Total ram usage:        0 bytes
 Hardware stack levels used:    1
 This function calls:
		Nothing
 This function is called by:
		_I2C_Master_Start
		_I2C_Master_Stop
		_I2C_Master_Write
		_I2C_Master_Read
		_I2C_Master_RepeatedStart
 This function uses a non-reentrant model



MODULE INFORMATION

Module		Function		Class		Link	Load	Size
C:\Program Files\Microchip\xc8\v2.31\pic\sources\c90\common\__lldiv.c
		___lldiv       		CODE           	0DFD	0000	102

C:\Program Files\Microchip\xc8\v2.31\pic\sources\c90\common\__lldiv.c estimated size: 102

I2C.c
		_I2C_Master_Read		CODE           	0C7F	0000	46
		_I2C_Master_Wait		CODE           	0009	0000	13
		_I2C_Master_Init		CODE           	0CAD	0000	56
		_I2C_Master_Stop		CODE           	0BF6	0000	9
		_I2C_Master_Write		CODE           	0BFF	0000	10
		_I2C_Master_Start		CODE           	0BED	0000	9

I2C.c estimated size: 143

C:\Program Files\Microchip\xc8\v2.31\pic\sources\c90\common\Umul32.c
		___lmul        		CODE           	0D69	0000	72

C:\Program Files\Microchip\xc8\v2.31\pic\sources\c90\common\Umul32.c estimated size: 72

shared
		__initialization		CODE           	07EB	0000	17

shared estimated size: 17

main_m.c
		_main          		CODE           	0C52	0000	45
		_setup         		CODE           	0C09	0000	28

main_m.c estimated size: 73

C:\Program Files\Microchip\xc8\v2.31\pic\sources\c90\common\aldiv.c
		___aldiv       		CODE           	0016	0000	157

C:\Program Files\Microchip\xc8\v2.31\pic\sources\c90\common\aldiv.c estimated size: 157

BMP280.c
		_BMP280_readTemperature		CODE           	00B3	0000	530
		_BMP280_Read8  		CODE           	0CE5	0000	60
		_BMP280_Write  		CODE           	0C25	0000	45
		_BMP280_begin  		CODE           	0F1A	0000	230
		_BMP280_Read16 		CODE           	0DB1	0000	76
		_BMP280_Update 		CODE           	0E63	0000	183
		_BMP280_Configure		CODE           	0D21	0000	72
		_BMP280_readPressure		CODE           	02C5	0000	1318

BMP280.c estimated size: 2514

