Microchip MPLAB XC8 Compiler V2.31

Linker command line:

-W-3 --edf=C:\Program Files\Microchip\xc8\v2.31\pic\dat\en_msgs.txt -cn \
  -h+dist/default/production\Maestro_mp2.X.production.sym \
  --cmf=dist/default/production\Maestro_mp2.X.production.cmf -z -Q16F887 \
  -oC:\Users\Universidad\AppData\Local\Temp\s308.2 --defsym=__MPLAB_BUILD=1 \
  -Mdist/default/production/Maestro_mp2.X.production.map -E1 \
  -ver=XC8 Compiler --acfsm=1493 -ASTACK=0110h-016Fh -pstack=STACK \
  -ACODE=00h-07FFhx4 -ASTRCODE=00h-01FFFh -ASTRING=00h-0FFhx32 \
  -ACONST=00h-0FFhx32 -AENTRY=00h-0FFhx32 -ACOMMON=070h-07Fh \
  -ABANK0=020h-06Fh -ABANK1=0A0h-0EFh -ABANK2=0110h-016Fh \
  -ABANK3=0190h-01EFh -ARAM=020h-06Fh,0A0h-0EFh,0110h-016Fh,0190h-01EFh \
  -AABS1=020h-07Fh,0A0h-0EFh,0110h-016Fh,0190h-01EFh -ASFR0=00h-01Fh \
  -ASFR1=080h-09Fh -ASFR2=0100h-010Fh -ASFR3=0180h-018Fh \
  -ACONFIG=02007h-02008h -DCONFIG=2 -AIDLOC=02000h-02003h -DIDLOC=2 \
  -AEEDATA=00h-0FFh/02100h -peeprom_data=EEDATA -DEEDATA=2 -DCODE=2 \
  -DSTRCODE=2 -DSTRING=2 -DCONST=2 -DENTRY=2 \
  -preset_vec=00h,intentry=04h,init,end_init -ppowerup=CODE -pcinit=CODE \
  -pfunctab=ENTRY -k C:\Users\Universidad\AppData\Local\Temp\s308.o \
  dist/default/production\Maestro_mp2.X.production.o 

Object code version is 3.11

Machine type is 16F887



                Name                               Link     Load   Length Selector   Space Scale
C:\Users\Universidad\AppData\Local\Temp\s308.o
                end_init                              C        C        3        8       0
                reset_vec                             0        0        3        0       0
                config                             2007     2007        2        0       4
dist/default/production\Maestro_mp2.X.production.o
                cinit                                 F        F       16        8       0
                intentry                              4        4        8        8       0
                config                             2007     2007        2        0       4
                text25                              952      952        E     12A4       0
                text24                              960      960       18     12C0       0
                text23                              945      945        D     128A       0
                text22                              91F      91F        9     123E       0
                text21                              928      928        9     1250       0
                text20                              931      931        A     1262       0
                text19                              9FD      9FD       2D     13FA       0
                text18                              AD6      AD6       48     15AC       0
                text17                              A2A      A2A       2E     1454       0
                text16                              B66      B66       56     16CC       0
                text15                              A92      A92       44     1524       0
                text14                              ED2      ED2      12E     1DA4       0
                text13                              C39      C39       9D     1872       0
                text12                              78D      78D       68        8       0
                text11                              B1E      B1E       48     163C       0
                text10                               25       25      536        8       0
                text9                               CD6      CD6       D1     19AC       0
                text8                               55B      55B      232        8       0
                text7                               9D8      9D8       25     13B0       0
                text6                               DA7      DA7      12B     1B4E       0
                text5                               93B      93B        A     1276       0
                text4                               978      978       1F     12F0       0
                text3                               A58      A58       3A     14B0       0
                text2                               997      997       20     132E       0
                text1                               9B7      9B7       21     136E       0
                maintext                            BBC      BBC       7D     1778       0
                cstackBANK0                          20       20       42       20       1
                cstackCOMMON                         70       70        A       70       1
                clrtext                             917      917        8     122E       0
                bssBANK1                             A0       A0       39       A0       1
                bssBANK0                             62       62        D       20       1
                bssCOMMON                            7A       7A        1       70       1
                strings                             7F5      7F5        A      FEA       0

TOTAL           Name                               Link     Load   Length     Space
        CLASS   STACK          

        CLASS   CODE           
                end_init                              C        C        3         0
                cinit                                 F        F       16         0
                intentry                              4        4        8         0
                reset_vec                             0        0        3         0
                text25                              952      952        E         0
                text24                              960      960       18         0
                text23                              945      945        D         0
                text22                              91F      91F        9         0
                text21                              928      928        9         0
                text20                              931      931        A         0
                text19                              9FD      9FD       2D         0
                text18                              AD6      AD6       48         0
                text17                              A2A      A2A       2E         0
                text16                              B66      B66       56         0
                text15                              A92      A92       44         0
                text14                              ED2      ED2      12E         0
                text13                              C39      C39       9D         0
                text12                              78D      78D       68         0
                text11                              B1E      B1E       48         0
                text10                               25       25      536         0
                text9                               CD6      CD6       D1         0
                text8                               55B      55B      232         0
                text7                               9D8      9D8       25         0
                text6                               DA7      DA7      12B         0
                text5                               93B      93B        A         0
                text4                               978      978       1F         0
                text3                               A58      A58       3A         0
                text2                               997      997       20         0
                text1                               9B7      9B7       21         0
                maintext                            BBC      BBC       7D         0
                clrtext                             917      917        8         0

        CLASS   STRCODE        

        CLASS   STRING         
                strings                             7F5      7F5        A         0

        CLASS   CONST          

        CLASS   ENTRY          

        CLASS   COMMON         
                cstackCOMMON                         70       70        A         1
                bssCOMMON                            7A       7A        1         1

        CLASS   BANK0          
                cstackBANK0                          20       20       42         1
                bssBANK0                             62       62        D         1

        CLASS   BANK1          
                bssBANK1                             A0       A0       39         1

        CLASS   BANK2          

        CLASS   BANK3          

        CLASS   RAM            

        CLASS   ABS1           
                abs_s1                               7E       7E        2         1

        CLASS   SFR0           

        CLASS   SFR1           

        CLASS   SFR2           

        CLASS   SFR3           

        CLASS   CONFIG         
                config                             2007     2007        2         4

        CLASS   IDLOC          

        CLASS   EEDATA         



SEGMENTS        Name                           Load    Length   Top    Selector   Space  Class     Delta

                reset_vec                      000000  000003  000003         0       0  CODE        2
                intentry                       000004  0007F1  0007F5         8       0  CODE        2
                cstackBANK0                    000020  00004F  00006F        20       1  BANK0       1
                cstackCOMMON                   000070  00000B  00007B        70       1  COMMON      1
                bssBANK1                       0000A0  000039  0000D9        A0       1  BANK1       1
                strings                        0007F5  00000A  0007FF       FEA       0  STRING      2
                clrtext                        000917  000008  00091F      122E       0  CODE        2
                text22                         00091F  000009  000928      123E       0  CODE        2
                text21                         000928  000009  000931      1250       0  CODE        2
                text20                         000931  00000A  00093B      1262       0  CODE        2
                text5                          00093B  00000A  000945      1276       0  CODE        2
                text23                         000945  00000D  000952      128A       0  CODE        2
                text25                         000952  00000E  000960      12A4       0  CODE        2
                text24                         000960  000018  000978      12C0       0  CODE        2
                text4                          000978  00001F  000997      12F0       0  CODE        2
                text2                          000997  000020  0009B7      132E       0  CODE        2
                text1                          0009B7  000021  0009D8      136E       0  CODE        2
                text7                          0009D8  000025  0009FD      13B0       0  CODE        2
                text19                         0009FD  00002D  000A2A      13FA       0  CODE        2
                text17                         000A2A  00002E  000A58      1454       0  CODE        2
                text3                          000A58  00003A  000A92      14B0       0  CODE        2
                text15                         000A92  000044  000AD6      1524       0  CODE        2
                text18                         000AD6  000048  000B1E      15AC       0  CODE        2
                text11                         000B1E  000048  000B66      163C       0  CODE        2
                text16                         000B66  000056  000BBC      16CC       0  CODE        2
                maintext                       000BBC  00007D  000C39      1778       0  CODE        2
                text13                         000C39  00009D  000CD6      1872       0  CODE        2
                text9                          000CD6  0000D1  000DA7      19AC       0  CODE        2
                text6                          000DA7  00012B  000ED2      1B4E       0  CODE        2
                text14                         000ED2  00012E  001000      1DA4       0  CODE        2


UNUSED ADDRESS RANGES

        Name                Unused          Largest block    Delta
        BANK0            006F-006F              1           1
        BANK1            00D9-00EF             17           1
        BANK2            0110-016F             60           1
        BANK3            0190-01EF             60           1
        CODE             0003-0003              1           2
                         07FF-0916              1
                         1000-1FFF            800
        COMMON           007B-007D              3           1
        CONST            0003-0003              1           2
                         07FF-0916            100
                         1000-1FFF            100
        EEDATA           2100-21FF            100           2
        ENTRY            0003-0003              1           2
                         07FF-0916            100
                         1000-1FFF            100
        IDLOC            2000-2003              4           2
        RAM              006F-006F              1           1
                         00D9-00EF             17
                         0110-016F             60
                         0190-01EF             60
        SFR0             0000-001F             20           1
        SFR1             0080-009F             20           1
        SFR2             0100-010F             10           1
        SFR3             0180-018F             10           1
        STACK            0110-016F             60           1
        STRCODE          0003-0003              1           2
                         07FF-0916            118
                         1000-1FFF           1000
        STRING           0003-0003              1           2
                         07FF-0916            100
                         1000-1FFF            100

                                  Symbol Table

?_BMP280_Read16                  cstackBANK0  0020
?_BMP280_begin                   cstackBANK0  002A
?_I2C_Master_Read                cstackCOMMON 0073
?___aldiv                        cstackBANK0  0020
?___lldiv                        cstackBANK0  0020
?___lmul                         cstackBANK0  0028
?___wmul                         cstackCOMMON 0073
BMP280_Configure@P_sampling      cstackBANK0  0021
BMP280_Configure@T_sampling      cstackBANK0  0020
BMP280_Configure@_config         cstackBANK0  0029
BMP280_Configure@_ctrl_meas      cstackBANK0  0028
BMP280_Configure@filter          cstackBANK0  0022
BMP280_Configure@mode            cstackBANK0  0027
BMP280_Configure@standby         cstackBANK0  0023
BMP280_Read16@reg_addr           cstackBANK0  0024
BMP280_Read16@ret                cstackBANK0  0025
BMP280_Read8@reg_addr            cstackBANK0  0022
BMP280_Read8@ret                 cstackBANK0  0023
BMP280_Update@ret                cstackBANK0  0024
BMP280_Write@_data               cstackCOMMON 0075
BMP280_Write@reg_addr            cstackCOMMON 0078
BMP280_begin@P_sampling          cstackBANK0  002B
BMP280_begin@T_sampling          cstackBANK0  002A
BMP280_begin@filter              cstackBANK0  002C
BMP280_begin@mode                cstackCOMMON 0079
BMP280_begin@standby             cstackBANK0  002D
BMP280_readPressure@p            cstackBANK0  005A
BMP280_readPressure@pres         cstackBANK0  0051
BMP280_readPressure@var1         cstackBANK0  005E
BMP280_readPressure@var2         cstackBANK0  0056
BMP280_readTemperature@temp      cstackBANK0  0051
BMP280_readTemperature@var1      cstackBANK0  0045
BMP280_readTemperature@var2      cstackBANK0  0049
I2C_Master_Init@c                cstackBANK0  0028
I2C_Master_Read@a                cstackCOMMON 0073
I2C_Master_Read@temp             cstackCOMMON 0077
I2C_Master_Write@d               cstackCOMMON 0073
UART_send_string@st_pt           cstackCOMMON 0075
Uart_send_char@bt                cstackCOMMON 0073
_ANSEL                           (abs)        0188
_ANSELH                          (abs)        0189
_BAUDCTLbits                     (abs)        0187
_BMP280_Configure                text18       0AD6
_BMP280_Read16                   text16       0B66
_BMP280_Read8                    text15       0A92
_BMP280_Update                   text9        0CD6
_BMP280_Write                    text19       09FD
_BMP280_begin                    text14       0ED2
_BMP280_calib                    bssBANK1     00B9
_BMP280_readPressure             text10       0025
_BMP280_readPressure$1215        cstackBANK0  0052
_BMP280_readPressure$1216        cstackBANK0  0045
_BMP280_readPressure$1217        cstackBANK0  0049
_BMP280_readPressure$1218        cstackBANK0  004D
_BMP280_readTemperature          text8        055B
_BMP280_readTemperature$1213     cstackBANK0  0052
_BMP280_readTemperature$1214     cstackBANK0  004D
_Enviar_temp                     text6        0DA7
_GIE                             (abs)        005F
_I2C_Master_Init                 text3        0A58
_I2C_Master_Read                 text17       0A2A
_I2C_Master_Start                text22       091F
_I2C_Master_Stop                 text21       0928
_I2C_Master_Wait                 text23       0945
_I2C_Master_Write                text20       0931
_PEIE                            (abs)        005E
_PIE1bits                        (abs)        008C
_PIR1bits                        (abs)        000C
_PORTB                           (abs)        0006
_PORTBbits                       (abs)        0006
_PORTD                           (abs)        0008
_RCREG                           (abs)        001A
_RCSTAbits                       (abs)        0018
_RX_Trans                        bssBANK0     006E
_SPBRG                           (abs)        0099
_SPBRGH                          (abs)        009A
_SSPADD                          (abs)        0093
_SSPBUF                          (abs)        0013
_SSPCON                          (abs)        0014
_SSPCON2                         (abs)        0091
_SSPCON2bits                     (abs)        0091
_SSPIE                           (abs)        0463
_SSPIF                           (abs)        0063
_SSPSTAT                         (abs)        0094
_TRISB                           (abs)        0086
_TRISC                           (abs)        0087
_TRISC3                          (abs)        043B
_TRISC4                          (abs)        043C
_TRISCbits                       (abs)        0087
_TRISD                           (abs)        0088
_TRISE                           (abs)        0089
_TXIF                            (abs)        0064
_TXREG                           (abs)        0019
_TXSTAbits                       (abs)        0098
_UART_get_char                   text25       0952
_UART_send_string                text4        0978
_Uart_conf                       text2        0997
_Uart_send_char                  text5        093B
__Habs1                          abs1         0000
__Hbank0                         bank0        0000
__Hbank1                         bank1        0000
__Hbank2                         bank2        0000
__Hbank3                         bank3        0000
__HbssBANK0                      bssBANK0     0000
__HbssBANK1                      bssBANK1     0000
__HbssCOMMON                     bssCOMMON    0000
__Hcinit                         cinit        0025
__Hclrtext                       clrtext      0000
__Hcode                          code         0000
__Hcommon                        common       0000
__Hconfig                        config       2009
__HcstackBANK0                   cstackBANK0  0000
__HcstackCOMMON                  cstackCOMMON 0000
__Heeprom_data                   eeprom_data  0000
__Hend_init                      end_init     000F
__Hfunctab                       functab      0000
__Hinit                          init         000C
__Hintentry                      intentry     000C
__Hmaintext                      maintext     0000
__Hpowerup                       powerup      0000
__Hram                           ram          0000
__Hreset_vec                     reset_vec    0003
__Hsfr0                          sfr0         0000
__Hsfr1                          sfr1         0000
__Hsfr2                          sfr2         0000
__Hsfr3                          sfr3         0000
__Hspace_0                       (abs)        1000
__Hspace_1                       (abs)        00D9
__Hspace_2                       (abs)        0000
__Hspace_3                       (abs)        0000
__Hspace_4                       (abs)        4010
__Hstack                         stack        0000
__Hstrings                       strings      0000
__Htext                          text         0000
__Labs1                          abs1         0000
__Lbank0                         bank0        0000
__Lbank1                         bank1        0000
__Lbank2                         bank2        0000
__Lbank3                         bank3        0000
__LbssBANK0                      bssBANK0     0000
__LbssBANK1                      bssBANK1     0000
__LbssCOMMON                     bssCOMMON    0000
__Lcinit                         cinit        000F
__Lclrtext                       clrtext      0000
__Lcode                          code         0000
__Lcommon                        common       0000
__Lconfig                        config       0000
__LcstackBANK0                   cstackBANK0  0000
__LcstackCOMMON                  cstackCOMMON 0000
__Leeprom_data                   eeprom_data  0000
__Lend_init                      end_init     000C
__Lfunctab                       functab      0000
__Linit                          init         000C
__Lintentry                      intentry     0004
__Lmaintext                      maintext     0000
__Lpowerup                       powerup      0000
__Lram                           ram          0000
__Lreset_vec                     reset_vec    0000
__Lsfr0                          sfr0         0000
__Lsfr1                          sfr1         0000
__Lsfr2                          sfr2         0000
__Lsfr3                          sfr3         0000
__Lspace_0                       (abs)        0000
__Lspace_1                       (abs)        0000
__Lspace_2                       (abs)        0000
__Lspace_3                       (abs)        0000
__Lspace_4                       (abs)        0000
__Lstack                         stack        0000
__Lstrings                       strings      0000
__Ltext                          text         0000
__S0                             (abs)        1000
__S1                             (abs)        00D9
__S2                             (abs)        0000
__S3                             (abs)        0000
___aldiv                         text13       0C39
___aldiv@counter                 cstackCOMMON 0074
___aldiv@dividend                cstackBANK0  0024
___aldiv@divisor                 cstackBANK0  0020
___aldiv@quotient                cstackCOMMON 0076
___aldiv@sign                    cstackCOMMON 0075
___int_sp                        stack        0000
___latbits                       (abs)        0002
___lldiv                         text12       078D
___lldiv@counter                 cstackCOMMON 0078
___lldiv@dividend                cstackBANK0  0024
___lldiv@divisor                 cstackBANK0  0020
___lldiv@quotient                cstackCOMMON 0074
___lmul                          text11       0B1E
___lmul@multiplicand             cstackBANK0  002C
___lmul@multiplier               cstackBANK0  0028
___lmul@product                  cstackBANK0  0031
___sp                            stack        0000
___stackhi                       (abs)        0000
___stacklo                       (abs)        0000
___wmul                          text7        09D8
___wmul@multiplicand             cstackCOMMON 0075
___wmul@multiplier               cstackCOMMON 0073
___wmul@product                  cstackCOMMON 0077
__end_of_BMP280_Configure        text18       0B1E
__end_of_BMP280_Read16           text16       0BBC
__end_of_BMP280_Read8            text15       0AD6
__end_of_BMP280_Update           text9        0DA7
__end_of_BMP280_Write            text19       0A2A
__end_of_BMP280_begin            text14       1000
__end_of_BMP280_readPressure     text10       055B
__end_of_BMP280_readTemperature  text8        078D
__end_of_Enviar_temp             text6        0ED2
__end_of_I2C_Master_Init         text3        0A92
__end_of_I2C_Master_Read         text17       0A58
__end_of_I2C_Master_Start        text22       0928
__end_of_I2C_Master_Stop         text21       0931
__end_of_I2C_Master_Wait         text23       0952
__end_of_I2C_Master_Write        text20       093B
__end_of_UART_get_char           text25       0960
__end_of_UART_send_string        text4        0997
__end_of_Uart_conf               text2        09B7
__end_of_Uart_send_char          text5        0945
__end_of___aldiv                 text13       0CD6
__end_of___lldiv                 text12       07F5
__end_of___lmul                  text11       0B66
__end_of___wmul                  text7        09FD
__end_of__initialization         cinit        0021
__end_of__stringtab              strings      07FB
__end_of_isr                     text24       0978
__end_of_main                    maintext     0C39
__end_of_setup                   text1        09D8
__initialization                 cinit        000F
__pbssBANK0                      bssBANK0     0062
__pbssBANK1                      bssBANK1     00A0
__pbssCOMMON                     bssCOMMON    007A
__pcstackBANK0                   cstackBANK0  0020
__pcstackCOMMON                  cstackCOMMON 0070
__pintentry                      intentry     0004
__pmaintext                      maintext     0BBC
__pstrings                       strings      07F5
__ptext1                         text1        09B7
__ptext10                        text10       0025
__ptext11                        text11       0B1E
__ptext12                        text12       078D
__ptext13                        text13       0C39
__ptext14                        text14       0ED2
__ptext15                        text15       0A92
__ptext16                        text16       0B66
__ptext17                        text17       0A2A
__ptext18                        text18       0AD6
__ptext19                        text19       09FD
__ptext2                         text2        0997
__ptext20                        text20       0931
__ptext21                        text21       0928
__ptext22                        text22       091F
__ptext23                        text23       0945
__ptext24                        text24       0960
__ptext25                        text25       0952
__ptext3                         text3        0A58
__ptext4                         text4        0978
__ptext5                         text5        093B
__ptext6                         text6        0DA7
__ptext7                         text7        09D8
__ptext8                         text8        055B
__ptext9                         text9        0CD6
__size_of_BMP280_Configure       (abs)        0000
__size_of_BMP280_Read16          (abs)        0000
__size_of_BMP280_Read8           (abs)        0000
__size_of_BMP280_Update          (abs)        0000
__size_of_BMP280_Write           (abs)        0000
__size_of_BMP280_begin           (abs)        0000
__size_of_BMP280_readPressure    (abs)        0000
__size_of_BMP280_readTemperature (abs)        0000
__size_of_Enviar_temp            (abs)        0000
__size_of_I2C_Master_Init        (abs)        0000
__size_of_I2C_Master_Read        (abs)        0000
__size_of_I2C_Master_Start       (abs)        0000
__size_of_I2C_Master_Stop        (abs)        0000
__size_of_I2C_Master_Wait        (abs)        0000
__size_of_I2C_Master_Write       (abs)        0000
__size_of_UART_get_char          (abs)        0000
__size_of_UART_send_string       (abs)        0000
__size_of_Uart_conf              (abs)        0000
__size_of_Uart_send_char         (abs)        0000
__size_of___aldiv                (abs)        0000
__size_of___lldiv                (abs)        0000
__size_of___lmul                 (abs)        0000
__size_of___wmul                 (abs)        0000
__size_of_isr                    (abs)        0000
__size_of_main                   (abs)        0000
__size_of_setup                  (abs)        0000
__stringbase                     strings      07FA
__stringtab                      strings      07F5
_adc_P                           bssBANK1     00B5
_adc_T                           bssBANK0     0062
_centi_t                         bssBANK0     006A
_dec_t                           bssBANK0     006D
_deci_t                          bssBANK0     006B
_isr                             text24       0960
_main                            maintext     0BBC
_pressure                        bssBANK1     00D1
_setup                           text1        09B7
_t_fine                          bssBANK1     00B1
_temp                            bssBANK0     0066
_temperature                     bssBANK1     00D5
_uni_t                           bssBANK0     006C
btemp                            (abs)        007E
clear_ram0                       clrtext      0917
end_of_initialization            cinit        0021
interrupt_function               intentry     0004
intlevel0                        functab      0000
intlevel1                        functab      0000
intlevel2                        functab      0000
intlevel3                        functab      0000
intlevel4                        functab      0000
intlevel5                        functab      0000
reset_vec                        reset_vec    0000
saved_w                          (abs)        007E
start                            init         000C
start_initialization             cinit        000F
wtemp0                           (abs)        007E


FUNCTION INFORMATION:

 *************** function _main *****************
 Defined at:
		line 153 in file "main_m.c"
 Parameters:    Size  Location     Type
		None
 Auto vars:     Size  Location     Type
		None
 Return value:  Size  Location     Type
                  1    wreg      void 
 Registers used:
		wreg, fsr0l, fsr0h, status,2, status,0, pclath, cstack
 Tracked objects:
		On entry : 
		On exit  : 
		Unchanged: 
 Data sizes:     COMMON   BANK0   BANK1   BANK3   BANK2
      Params:         0       0       0       0       0
      Locals:         0       0       0       0       0
      Temps:          0       0       0       0       0
      Totals:         0       0       0       0       0
Total ram usage:        0 bytes
 Hardware stack levels required when called:    7
 This function calls:
		_BMP280_begin
		_BMP280_readPressure
		_BMP280_readTemperature
		_Enviar_temp
		_UART_send_string
		_Uart_send_char
		_setup
 This function is called by:
		Startup code after reset
 This function uses a non-reentrant model


 *************** function _setup *****************
 Defined at:
		line 191 in file "main_m.c"
 Parameters:    Size  Location     Type
		None
 Auto vars:     Size  Location     Type
		None
 Return value:  Size  Location     Type
                  1    wreg      void 
 Registers used:
		wreg, status,2, status,0, pclath, cstack
 Tracked objects:
		On entry : 
		On exit  : 
		Unchanged: 
 Data sizes:     COMMON   BANK0   BANK1   BANK3   BANK2
      Params:         0       0       0       0       0
      Locals:         0       0       0       0       0
      Temps:          0       0       0       0       0
      Totals:         0       0       0       0       0
Total ram usage:        0 bytes
 Hardware stack levels used:    1
 Hardware stack levels required when called:    4
 This function calls:
		_I2C_Master_Init
		_Uart_conf
 This function is called by:
		_main
 This function uses a non-reentrant model


 *************** function _Uart_conf *****************
 Defined at:
		line 3 in file "UART.c"
 Parameters:    Size  Location     Type
		None
 Auto vars:     Size  Location     Type
		None
 Return value:  Size  Location     Type
                  1    wreg      void 
 Registers used:
		wreg, status,2
 Tracked objects:
		On entry : 
		On exit  : 
		Unchanged: 
 Data sizes:     COMMON   BANK0   BANK1   BANK3   BANK2
      Params:         0       0       0       0       0
      Locals:         0       0       0       0       0
      Temps:          0       0       0       0       0
      Totals:         0       0       0       0       0
Total ram usage:        0 bytes
 Hardware stack levels used:    1
 Hardware stack levels required when called:    2
 This function calls:
		Nothing
 This function is called by:
		_setup
 This function uses a non-reentrant model


 *************** function _I2C_Master_Init *****************
 Defined at:
		line 16 in file "I2C.c"
 Parameters:    Size  Location     Type
  c               4    8[BANK0 ] const unsigned long 
 Auto vars:     Size  Location     Type
		None
 Return value:  Size  Location     Type
                  1    wreg      void 
 Registers used:
		wreg, status,2, status,0, pclath, cstack
 Tracked objects:
		On entry : 
		On exit  : 
		Unchanged: 
 Data sizes:     COMMON   BANK0   BANK1   BANK3   BANK2
      Params:         0       4       0       0       0
      Locals:         0       0       0       0       0
      Temps:          0       4       0       0       0
      Totals:         0       8       0       0       0
Total ram usage:        8 bytes
 Hardware stack levels used:    1
 Hardware stack levels required when called:    3
 This function calls:
		___lldiv
 This function is called by:
		_setup
 This function uses a non-reentrant model


 *************** function _UART_send_string *****************
 Defined at:
		line 36 in file "UART.c"
 Parameters:    Size  Location     Type
  st_pt           1    wreg     PTR unsigned char 
		 -> STR_2(2), STR_1(2), 
 Auto vars:     Size  Location     Type
  st_pt           1    5[COMMON] PTR unsigned char 
		 -> STR_2(2), STR_1(2), 
 Return value:  Size  Location     Type
                  1    wreg      void 
 Registers used:
		wreg, fsr0l, fsr0h, status,2, status,0, pclath, cstack
 Tracked objects:
		On entry : 
		On exit  : 
		Unchanged: 
 Data sizes:     COMMON   BANK0   BANK1   BANK3   BANK2
      Params:         0       0       0       0       0
      Locals:         1       0       0       0       0
      Temps:          1       0       0       0       0
      Totals:         2       0       0       0       0
Total ram usage:        2 bytes
 Hardware stack levels used:    1
 Hardware stack levels required when called:    3
 This function calls:
		_Uart_send_char
 This function is called by:
		_main
 This function uses a non-reentrant model


 *************** function _Uart_send_char *****************
 Defined at:
		line 31 in file "UART.c"
 Parameters:    Size  Location     Type
  bt              1    wreg     unsigned char 
 Auto vars:     Size  Location     Type
  bt              1    3[COMMON] unsigned char 
 Return value:  Size  Location     Type
                  1    wreg      void 
 Registers used:
		wreg
 Tracked objects:
		On entry : 
		On exit  : 
		Unchanged: 
 Data sizes:     COMMON   BANK0   BANK1   BANK3   BANK2
      Params:         0       0       0       0       0
      Locals:         1       0       0       0       0
      Temps:          0       0       0       0       0
      Totals:         1       0       0       0       0
Total ram usage:        1 bytes
 Hardware stack levels used:    1
 Hardware stack levels required when called:    2
 This function calls:
		Nothing
 This function is called by:
		_main
		_UART_send_string
 This function uses a non-reentrant model


 *************** function _Enviar_temp *****************
 Defined at:
		line 203 in file "main_m.c"
 Parameters:    Size  Location     Type
		None
 Auto vars:     Size  Location     Type
		None
 Return value:  Size  Location     Type
                  1    wreg      void 
 Registers used:
		wreg, status,2, status,0, pclath, cstack
 Tracked objects:
		On entry : 
		On exit  : 
		Unchanged: 
 Data sizes:     COMMON   BANK0   BANK1   BANK3   BANK2
      Params:         0       0       0       0       0
      Locals:         0       0       0       0       0
      Temps:          0      10       0       0       0
      Totals:         0      10       0       0       0
Total ram usage:       10 bytes
 Hardware stack levels used:    1
 Hardware stack levels required when called:    3
 This function calls:
		___lldiv
		___wmul
 This function is called by:
		_main
 This function uses a non-reentrant model


 *************** function ___wmul *****************
 Defined at:
		line 15 in file "C:\Program Files\Microchip\xc8\v2.31\pic\sources\c90\common\Umul16.c"
 Parameters:    Size  Location     Type
  multiplier      2    3[COMMON] unsigned int 
  multiplicand    2    5[COMMON] unsigned int 
 Auto vars:     Size  Location     Type
  product         2    7[COMMON] unsigned int 
 Return value:  Size  Location     Type
                  2    3[COMMON] unsigned int 
 Registers used:
		wreg, status,2, status,0
 Tracked objects:
		On entry : 
		On exit  : 
		Unchanged: 
 Data sizes:     COMMON   BANK0   BANK1   BANK3   BANK2
      Params:         4       0       0       0       0
      Locals:         2       0       0       0       0
      Temps:          0       0       0       0       0
      Totals:         6       0       0       0       0
Total ram usage:        6 bytes
 Hardware stack levels used:    1
 Hardware stack levels required when called:    2
 This function calls:
		Nothing
 This function is called by:
		_Enviar_temp
 This function uses a non-reentrant model


 *************** function _BMP280_readTemperature *****************
 Defined at:
		line 241 in file "BMP280.c"
 Parameters:    Size  Location     Type
  temp            1    wreg     PTR long 
		 -> temperature(4), 
 Auto vars:     Size  Location     Type
  temp            1   49[BANK0 ] PTR long 
		 -> temperature(4), 
  var2            4   41[BANK0 ] long 
  var1            4   37[BANK0 ] long 
 Return value:  Size  Location     Type
                  2    8[None  ] int 
 Registers used:
		wreg, fsr0l, fsr0h, status,2, status,0, pclath, cstack
 Tracked objects:
		On entry : 
		On exit  : 
		Unchanged: 
 Data sizes:     COMMON   BANK0   BANK1   BANK3   BANK2
      Params:         0       0       0       0       0
      Locals:         0      17       0       0       0
      Temps:          0      16       0       0       0
      Totals:         0      33       0       0       0
Total ram usage:       33 bytes
 Hardware stack levels used:    1
 Hardware stack levels required when called:    5
 This function calls:
		_BMP280_Update
		___aldiv
		___lmul
 This function is called by:
		_main
 This function uses a non-reentrant model


 *************** function _BMP280_Update *****************
 Defined at:
		line 210 in file "BMP280.c"
 Parameters:    Size  Location     Type
		None
 Auto vars:     Size  Location     Type
  ret             4    4[BANK0 ] struct .
 Return value:  Size  Location     Type
                  1    wreg      void 
 Registers used:
		wreg, status,2, status,0, pclath, cstack
 Tracked objects:
		On entry : 
		On exit  : 
		Unchanged: 
 Data sizes:     COMMON   BANK0   BANK1   BANK3   BANK2
      Params:         0       0       0       0       0
      Locals:         0       4       0       0       0
      Temps:          0       4       0       0       0
      Totals:         0       8       0       0       0
Total ram usage:        8 bytes
 Hardware stack levels used:    1
 Hardware stack levels required when called:    4
 This function calls:
		_I2C_Master_Read
		_I2C_Master_Start
		_I2C_Master_Stop
		_I2C_Master_Write
 This function is called by:
		_BMP280_readTemperature
 This function uses a non-reentrant model


 *************** function _BMP280_readPressure *****************
 Defined at:
		line 265 in file "BMP280.c"
 Parameters:    Size  Location     Type
  pres            1    wreg     PTR unsigned long 
		 -> pressure(4), 
 Auto vars:     Size  Location     Type
  pres            1   49[BANK0 ] PTR unsigned long 
		 -> pressure(4), 
  var1            4   62[BANK0 ] long 
  p               4   58[BANK0 ] unsigned long 
  var2            4   54[BANK0 ] long 
 Return value:  Size  Location     Type
                  2   10[None  ] int 
 Registers used:
		wreg, fsr0l, fsr0h, status,2, status,0, pclath, cstack
 Tracked objects:
		On entry : 
		On exit  : 
		Unchanged: 
 Data sizes:     COMMON   BANK0   BANK1   BANK3   BANK2
      Params:         0       0       0       0       0
      Locals:         0      29       0       0       0
      Temps:          0      16       0       0       0
      Totals:         0      45       0       0       0
Total ram usage:       45 bytes
 Hardware stack levels used:    1
 Hardware stack levels required when called:    3
 This function calls:
		___aldiv
		___lldiv
		___lmul
 This function is called by:
		_main
 This function uses a non-reentrant model


 *************** function ___lmul *****************
 Defined at:
		line 15 in file "C:\Program Files\Microchip\xc8\v2.31\pic\sources\c90\common\Umul32.c"
 Parameters:    Size  Location     Type
  multiplier      4    8[BANK0 ] unsigned long 
  multiplicand    4   12[BANK0 ] unsigned long 
 Auto vars:     Size  Location     Type
  product         4   17[BANK0 ] unsigned long 
 Return value:  Size  Location     Type
                  4    8[BANK0 ] unsigned long 
 Registers used:
		wreg, status,2, status,0
 Tracked objects:
		On entry : 
		On exit  : 
		Unchanged: 
 Data sizes:     COMMON   BANK0   BANK1   BANK3   BANK2
      Params:         0       8       0       0       0
      Locals:         0       4       0       0       0
      Temps:          0       1       0       0       0
      Totals:         0      13       0       0       0
Total ram usage:       13 bytes
 Hardware stack levels used:    1
 Hardware stack levels required when called:    2
 This function calls:
		Nothing
 This function is called by:
		_BMP280_readTemperature
		_BMP280_readPressure
 This function uses a non-reentrant model


 *************** function ___lldiv *****************
 Defined at:
		line 5 in file "C:\Program Files\Microchip\xc8\v2.31\pic\sources\c90\common\__lldiv.c"
 Parameters:    Size  Location     Type
  divisor         4    0[BANK0 ] unsigned long 
  dividend        4    4[BANK0 ] unsigned long 
 Auto vars:     Size  Location     Type
  quotient        4    4[COMMON] unsigned long 
  counter         1    8[COMMON] unsigned char 
 Return value:  Size  Location     Type
                  4    0[BANK0 ] unsigned long 
 Registers used:
		wreg, status,2, status,0
 Tracked objects:
		On entry : 
		On exit  : 
		Unchanged: 
 Data sizes:     COMMON   BANK0   BANK1   BANK3   BANK2
      Params:         0       8       0       0       0
      Locals:         5       0       0       0       0
      Temps:          1       0       0       0       0
      Totals:         6       8       0       0       0
Total ram usage:       14 bytes
 Hardware stack levels used:    1
 Hardware stack levels required when called:    2
 This function calls:
		Nothing
 This function is called by:
		_Enviar_temp
		_I2C_Master_Init
		_BMP280_readPressure
 This function uses a non-reentrant model


 *************** function ___aldiv *****************
 Defined at:
		line 5 in file "C:\Program Files\Microchip\xc8\v2.31\pic\sources\c90\common\aldiv.c"
 Parameters:    Size  Location     Type
  divisor         4    0[BANK0 ] long 
  dividend        4    4[BANK0 ] long 
 Auto vars:     Size  Location     Type
  quotient        4    6[COMMON] long 
  sign            1    5[COMMON] unsigned char 
  counter         1    4[COMMON] unsigned char 
 Return value:  Size  Location     Type
                  4    0[BANK0 ] long 
 Registers used:
		wreg, status,2, status,0
 Tracked objects:
		On entry : 
		On exit  : 
		Unchanged: 
 Data sizes:     COMMON   BANK0   BANK1   BANK3   BANK2
      Params:         0       8       0       0       0
      Locals:         6       0       0       0       0
      Temps:          1       0       0       0       0
      Totals:         7       8       0       0       0
Total ram usage:       15 bytes
 Hardware stack levels used:    1
 Hardware stack levels required when called:    2
 This function calls:
		Nothing
 This function is called by:
		_BMP280_readTemperature
		_BMP280_readPressure
 This function uses a non-reentrant model


 *************** function _BMP280_begin *****************
 Defined at:
		line 155 in file "BMP280.c"
 Parameters:    Size  Location     Type
  mode            1    wreg     enum E1307
  T_sampling      1   10[BANK0 ] enum E1312
  P_sampling      1   11[BANK0 ] enum E1312
  filter          1   12[BANK0 ] enum E1320
  standby         1   13[BANK0 ] enum E1327
 Auto vars:     Size  Location     Type
  mode            1    9[COMMON] enum E1307
 Return value:  Size  Location     Type
                  2   10[BANK0 ] int 
 Registers used:
		wreg, status,2, status,0, pclath, cstack
 Tracked objects:
		On entry : 
		On exit  : 
		Unchanged: 
 Data sizes:     COMMON   BANK0   BANK1   BANK3   BANK2
      Params:         0       4       0       0       0
      Locals:         1       0       0       0       0
      Temps:          0       4       0       0       0
      Totals:         1       8       0       0       0
Total ram usage:        9 bytes
 Hardware stack levels used:    1
 Hardware stack levels required when called:    6
 This function calls:
		_BMP280_Configure
		_BMP280_Read16
		_BMP280_Read8
		_BMP280_Write
 This function is called by:
		_main
 This function uses a non-reentrant model


 *************** function _BMP280_Read8 *****************
 Defined at:
		line 105 in file "BMP280.c"
 Parameters:    Size  Location     Type
  reg_addr        1    wreg     unsigned char 
 Auto vars:     Size  Location     Type
  reg_addr        1    2[BANK0 ] unsigned char 
  ret             1    3[BANK0 ] unsigned char 
 Return value:  Size  Location     Type
                  1    wreg      unsigned char 
 Registers used:
		wreg, status,2, status,0, pclath, cstack
 Tracked objects:
		On entry : 
		On exit  : 
		Unchanged: 
 Data sizes:     COMMON   BANK0   BANK1   BANK3   BANK2
      Params:         0       0       0       0       0
      Locals:         0       2       0       0       0
      Temps:          0       2       0       0       0
      Totals:         0       4       0       0       0
Total ram usage:        4 bytes
 Hardware stack levels used:    1
 Hardware stack levels required when called:    4
 This function calls:
		_I2C_Master_Read
		_I2C_Master_Start
		_I2C_Master_Stop
		_I2C_Master_Write
 This function is called by:
		_BMP280_begin
		_BMP280_ForcedMeasurement
 This function uses a non-reentrant model


 *************** function _BMP280_Read16 *****************
 Defined at:
		line 121 in file "BMP280.c"
 Parameters:    Size  Location     Type
  reg_addr        1    wreg     unsigned char 
 Auto vars:     Size  Location     Type
  reg_addr        1    4[BANK0 ] unsigned char 
  ret             2    5[BANK0 ] struct .
 Return value:  Size  Location     Type
                  2    0[BANK0 ] unsigned int 
 Registers used:
		wreg, status,2, status,0, pclath, cstack
 Tracked objects:
		On entry : 
		On exit  : 
		Unchanged: 
 Data sizes:     COMMON   BANK0   BANK1   BANK3   BANK2
      Params:         0       2       0       0       0
      Locals:         0       3       0       0       0
      Temps:          0       2       0       0       0
      Totals:         0       7       0       0       0
Total ram usage:        7 bytes
 Hardware stack levels used:    1
 Hardware stack levels required when called:    4
 This function calls:
		_I2C_Master_Read
		_I2C_Master_Start
		_I2C_Master_Stop
		_I2C_Master_Write
 This function is called by:
		_BMP280_begin
 This function uses a non-reentrant model


 *************** function _I2C_Master_Read *****************
 Defined at:
		line 74 in file "I2C.c"
 Parameters:    Size  Location     Type
  a               2    3[COMMON] unsigned short 
 Auto vars:     Size  Location     Type
  temp            2    7[COMMON] unsigned short 
 Return value:  Size  Location     Type
                  2    3[COMMON] unsigned short 
 Registers used:
		wreg, status,2, status,0, pclath, cstack
 Tracked objects:
		On entry : 
		On exit  : 
		Unchanged: 
 Data sizes:     COMMON   BANK0   BANK1   BANK3   BANK2
      Params:         2       0       0       0       0
      Locals:         2       0       0       0       0
      Temps:          2       0       0       0       0
      Totals:         6       0       0       0       0
Total ram usage:        6 bytes
 Hardware stack levels used:    1
 Hardware stack levels required when called:    3
 This function calls:
		_I2C_Master_Wait
 This function is called by:
		_BMP280_Read8
		_BMP280_Read16
		_BMP280_Update
 This function uses a non-reentrant model


 *************** function _BMP280_Configure *****************
 Defined at:
		line 142 in file "BMP280.c"
 Parameters:    Size  Location     Type
  mode            1    wreg     enum E1307
  T_sampling      1    0[BANK0 ] enum E1312
  P_sampling      1    1[BANK0 ] enum E1312
  filter          1    2[BANK0 ] enum E1320
  standby         1    3[BANK0 ] enum E1327
 Auto vars:     Size  Location     Type
  mode            1    7[BANK0 ] enum E1307
  _config         1    9[BANK0 ] unsigned char 
  _ctrl_meas      1    8[BANK0 ] unsigned char 
 Return value:  Size  Location     Type
                  1    wreg      void 
 Registers used:
		wreg, status,2, status,0, pclath, cstack
 Tracked objects:
		On entry : 
		On exit  : 
		Unchanged: 
 Data sizes:     COMMON   BANK0   BANK1   BANK3   BANK2
      Params:         0       4       0       0       0
      Locals:         0       3       0       0       0
      Temps:          0       3       0       0       0
      Totals:         0      10       0       0       0
Total ram usage:       10 bytes
 Hardware stack levels used:    1
 Hardware stack levels required when called:    5
 This function calls:
		_BMP280_Write
 This function is called by:
		_BMP280_begin
 This function uses a non-reentrant model


 *************** function _BMP280_Write *****************
 Defined at:
		line 95 in file "BMP280.c"
 Parameters:    Size  Location     Type
  reg_addr        1    wreg     unsigned char 
  _data           1    5[COMMON] unsigned char 
 Auto vars:     Size  Location     Type
  reg_addr        1    8[COMMON] unsigned char 
 Return value:  Size  Location     Type
                  1    wreg      void 
 Registers used:
		wreg, status,2, status,0, pclath, cstack
 Tracked objects:
		On entry : 
		On exit  : 
		Unchanged: 
 Data sizes:     COMMON   BANK0   BANK1   BANK3   BANK2
      Params:         1       0       0       0       0
      Locals:         1       0       0       0       0
      Temps:          2       0       0       0       0
      Totals:         4       0       0       0       0
Total ram usage:        4 bytes
 Hardware stack levels used:    1
 Hardware stack levels required when called:    4
 This function calls:
		_I2C_Master_Start
		_I2C_Master_Stop
		_I2C_Master_Write
 This function is called by:
		_BMP280_Configure
		_BMP280_begin
		_BMP280_ForcedMeasurement
 This function uses a non-reentrant model


 *************** function _I2C_Master_Write *****************
 Defined at:
		line 65 in file "I2C.c"
 Parameters:    Size  Location     Type
  d               2    3[COMMON] unsigned int 
 Auto vars:     Size  Location     Type
		None
 Return value:  Size  Location     Type
                  1    wreg      void 
 Registers used:
		wreg, status,2, status,0, pclath, cstack
 Tracked objects:
		On entry : 
		On exit  : 
		Unchanged: 
 Data sizes:     COMMON   BANK0   BANK1   BANK3   BANK2
      Params:         2       0       0       0       0
      Locals:         0       0       0       0       0
      Temps:          0       0       0       0       0
      Totals:         2       0       0       0       0
Total ram usage:        2 bytes
 Hardware stack levels used:    1
 Hardware stack levels required when called:    3
 This function calls:
		_I2C_Master_Wait
 This function is called by:
		_BMP280_Write
		_BMP280_Read8
		_BMP280_Read16
		_BMP280_Update
 This function uses a non-reentrant model


 *************** function _I2C_Master_Stop *****************
 Defined at:
		line 55 in file "I2C.c"
 Parameters:    Size  Location     Type
		None
 Auto vars:     Size  Location     Type
		None
 Return value:  Size  Location     Type
                  1    wreg      void 
 Registers used:
		wreg, status,2, status,0, pclath, cstack
 Tracked objects:
		On entry : 
		On exit  : 
		Unchanged: 
 Data sizes:     COMMON   BANK0   BANK1   BANK3   BANK2
      Params:         0       0       0       0       0
      Locals:         0       0       0       0       0
      Temps:          0       0       0       0       0
      Totals:         0       0       0       0       0
Total ram usage:        0 bytes
 Hardware stack levels used:    1
 Hardware stack levels required when called:    3
 This function calls:
		_I2C_Master_Wait
 This function is called by:
		_BMP280_Write
		_BMP280_Read8
		_BMP280_Read16
		_BMP280_Update
 This function uses a non-reentrant model


 *************** function _I2C_Master_Start *****************
 Defined at:
		line 39 in file "I2C.c"
 Parameters:    Size  Location     Type
		None
 Auto vars:     Size  Location     Type
		None
 Return value:  Size  Location     Type
                  1    wreg      void 
 Registers used:
		wreg, status,2, status,0, pclath, cstack
 Tracked objects:
		On entry : 
		On exit  : 
		Unchanged: 
 Data sizes:     COMMON   BANK0   BANK1   BANK3   BANK2
      Params:         0       0       0       0       0
      Locals:         0       0       0       0       0
      Temps:          0       0       0       0       0
      Totals:         0       0       0       0       0
Total ram usage:        0 bytes
 Hardware stack levels used:    1
 Hardware stack levels required when called:    3
 This function calls:
		_I2C_Master_Wait
 This function is called by:
		_BMP280_Write
		_BMP280_Read8
		_BMP280_Read16
		_BMP280_Update
 This function uses a non-reentrant model


 *************** function _I2C_Master_Wait *****************
 Defined at:
		line 32 in file "I2C.c"
 Parameters:    Size  Location     Type
		None
 Auto vars:     Size  Location     Type
		None
 Return value:  Size  Location     Type
                  1    wreg      void 
 Registers used:
		wreg, status,2
 Tracked objects:
		On entry : 
		On exit  : 
		Unchanged: 
 Data sizes:     COMMON   BANK0   BANK1   BANK3   BANK2
      Params:         0       0       0       0       0
      Locals:         0       0       0       0       0
      Temps:          0       0       0       0       0
      Totals:         0       0       0       0       0
Total ram usage:        0 bytes
 Hardware stack levels used:    1
 Hardware stack levels required when called:    2
 This function calls:
		Nothing
 This function is called by:
		_I2C_Master_Start
		_I2C_Master_Stop
		_I2C_Master_Write
		_I2C_Master_Read
		_I2C_Master_RepeatedStart
 This function uses a non-reentrant model


 *************** function _isr *****************
 Defined at:
		line 218 in file "main_m.c"
 Parameters:    Size  Location     Type
		None
 Auto vars:     Size  Location     Type
		None
 Return value:  Size  Location     Type
                  1    wreg      void 
 Registers used:
		wreg, pclath, cstack
 Tracked objects:
		On entry : 
		On exit  : 
		Unchanged: 
 Data sizes:     COMMON   BANK0   BANK1   BANK3   BANK2
      Params:         0       0       0       0       0
      Locals:         0       0       0       0       0
      Temps:          3       0       0       0       0
      Totals:         3       0       0       0       0
Total ram usage:        3 bytes
 Hardware stack levels used:    1
 Hardware stack levels required when called:    1
 This function calls:
		_UART_get_char
 This function is called by:
		Interrupt level 1
 This function uses a non-reentrant model


 *************** function _UART_get_char *****************
 Defined at:
		line 41 in file "UART.c"
 Parameters:    Size  Location     Type
		None
 Auto vars:     Size  Location     Type
		None
 Return value:  Size  Location     Type
                  1    wreg      unsigned char 
 Registers used:
		wreg
 Tracked objects:
		On entry : 
		On exit  : 
		Unchanged: 
 Data sizes:     COMMON   BANK0   BANK1   BANK3   BANK2
      Params:         0       0       0       0       0
      Locals:         0       0       0       0       0
      Temps:          0       0       0       0       0
      Totals:         0       0       0       0       0
Total ram usage:        0 bytes
 Hardware stack levels used:    1
 This function calls:
		Nothing
 This function is called by:
		_isr
 This function uses a non-reentrant model



MODULE INFORMATION

Module		Function		Class		Link	Load	Size
C:\Program Files\Microchip\xc8\v2.31\pic\sources\c90\common\__lldiv.c
		___lldiv       		CODE           	078D	0000	104

C:\Program Files\Microchip\xc8\v2.31\pic\sources\c90\common\__lldiv.c estimated size: 104

UART.c
		_UART_get_char 		CODE           	0952	0000	14
		_Uart_send_char		CODE           	093B	0000	10
		_UART_send_string		CODE           	0978	0000	31
		_Uart_conf     		CODE           	0997	0000	32

UART.c estimated size: 87

C:\Program Files\Microchip\xc8\v2.31\pic\sources\c90\common\Umul16.c
		___wmul        		CODE           	09D8	0000	37

C:\Program Files\Microchip\xc8\v2.31\pic\sources\c90\common\Umul16.c estimated size: 37

I2C.c
		_I2C_Master_Read		CODE           	0A2A	0000	46
		_I2C_Master_Wait		CODE           	0945	0000	13
		_I2C_Master_Init		CODE           	0A58	0000	58
		_I2C_Master_Stop		CODE           	0928	0000	9
		_I2C_Master_Write		CODE           	0931	0000	10
		_I2C_Master_Start		CODE           	091F	0000	9

I2C.c estimated size: 145

C:\Program Files\Microchip\xc8\v2.31\pic\sources\c90\common\Umul32.c
		___lmul        		CODE           	0B1E	0000	72

C:\Program Files\Microchip\xc8\v2.31\pic\sources\c90\common\Umul32.c estimated size: 72

shared
		__stringtab    		STRING         	07F5	0000	6
		__initialization		CODE           	000F	0000	18

shared estimated size: 24

main_m.c
		_main          		CODE           	0BBC	0000	125
		_Enviar_temp   		CODE           	0DA7	0000	299
		_isr           		CODE           	0960	0000	24
		_setup         		CODE           	09B7	0000	33

main_m.c estimated size: 481

C:\Program Files\Microchip\xc8\v2.31\pic\sources\c90\common\aldiv.c
		___aldiv       		CODE           	0C39	0000	157

C:\Program Files\Microchip\xc8\v2.31\pic\sources\c90\common\aldiv.c estimated size: 157

BMP280.c
		_BMP280_readTemperature		CODE           	055B	0000	562
		_BMP280_Read8  		CODE           	0A92	0000	68
		_BMP280_Write  		CODE           	09FD	0000	45
		_BMP280_begin  		CODE           	0ED2	0000	302
		_BMP280_Read16 		CODE           	0B66	0000	86
		_BMP280_Update 		CODE           	0CD6	0000	209
		_BMP280_Configure		CODE           	0AD6	0000	72
		_BMP280_readPressure		CODE           	0025	0000	1334

BMP280.c estimated size: 2678

